Component: Arm Compiler for Embedded 6.22 Tool: armlink [5ee90200]

==============================================================================

Section Cross References

    startup_stm32f103xe.o(RESET) refers to startup_stm32f103xe.o(STACK) for __initial_sp
    startup_stm32f103xe.o(RESET) refers to startup_stm32f103xe.o(.text) for Reset_Handler
    startup_stm32f103xe.o(RESET) refers to stm32f1xx_it.o(.text.NMI_Handler) for NMI_Handler
    startup_stm32f103xe.o(RESET) refers to stm32f1xx_it.o(.text.HardFault_Handler) for HardFault_Handler
    startup_stm32f103xe.o(RESET) refers to stm32f1xx_it.o(.text.MemManage_Handler) for MemManage_Handler
    startup_stm32f103xe.o(RESET) refers to stm32f1xx_it.o(.text.BusFault_Handler) for BusFault_Handler
    startup_stm32f103xe.o(RESET) refers to stm32f1xx_it.o(.text.UsageFault_Handler) for UsageFault_Handler
    startup_stm32f103xe.o(RESET) refers to stm32f1xx_it.o(.text.SVC_Handler) for SVC_Handler
    startup_stm32f103xe.o(RESET) refers to stm32f1xx_it.o(.text.DebugMon_Handler) for DebugMon_Handler
    startup_stm32f103xe.o(RESET) refers to stm32f1xx_it.o(.text.PendSV_Handler) for PendSV_Handler
    startup_stm32f103xe.o(RESET) refers to stm32f1xx_it.o(.text.SysTick_Handler) for SysTick_Handler
    startup_stm32f103xe.o(RESET) refers to stm32f1xx_it.o(.text.DMA1_Channel2_IRQHandler) for DMA1_Channel2_IRQHandler
    startup_stm32f103xe.o(RESET) refers to stm32f1xx_it.o(.text.DMA1_Channel4_IRQHandler) for DMA1_Channel4_IRQHandler
    startup_stm32f103xe.o(RESET) refers to stm32f1xx_it.o(.text.USB_LP_CAN1_RX0_IRQHandler) for USB_LP_CAN1_RX0_IRQHandler
    startup_stm32f103xe.o(RESET) refers to stm32f1xx_it.o(.text.USART1_IRQHandler) for USART1_IRQHandler
    startup_stm32f103xe.o(RESET) refers to stm32f1xx_it.o(.text.USART3_IRQHandler) for USART3_IRQHandler
    startup_stm32f103xe.o(RESET) refers to stm32f1xx_it.o(.text.TIM7_IRQHandler) for TIM7_IRQHandler
    startup_stm32f103xe.o(.text) refers to system_stm32f1xx.o(.text.SystemInit) for SystemInit
    startup_stm32f103xe.o(.text) refers to entry.o(.ARM.Collect$$$$00000000) for __main
    main.o(.ARM.exidx.text.fputc) refers to main.o(.text.fputc) for [Anonymous Symbol]
    main.o(.text.main) refers to stm32f1xx_hal.o(.text.HAL_Init) for HAL_Init
    main.o(.text.main) refers to stm32f1xx_hal_rcc.o(.text.HAL_RCC_OscConfig) for HAL_RCC_OscConfig
    main.o(.text.main) refers to stm32f1xx_hal_rcc.o(.text.HAL_RCC_ClockConfig) for HAL_RCC_ClockConfig
    main.o(.text.main) refers to stm32f1xx_hal_rcc_ex.o(.text.HAL_RCCEx_PeriphCLKConfig) for HAL_RCCEx_PeriphCLKConfig
    main.o(.text.main) refers to gpio.o(.text.MX_GPIO_Init) for MX_GPIO_Init
    main.o(.text.main) refers to dma.o(.text.MX_DMA_Init) for MX_DMA_Init
    main.o(.text.main) refers to usart.o(.text.MX_USART1_UART_Init) for MX_USART1_UART_Init
    main.o(.text.main) refers to usart.o(.text.MX_USART3_UART_Init) for MX_USART3_UART_Init
    main.o(.text.main) refers to usb_device.o(.text.MX_USB_DEVICE_Init) for MX_USB_DEVICE_Init
    main.o(.text.main) refers to puts.o(i.puts) for puts
    main.o(.text.main) refers to esp01s.o(.text.ESP01S_Init) for ESP01S_Init
    main.o(.text.main) refers to esp01s.o(.text.MQTT_Subscribe) for MQTT_Subscribe
    main.o(.text.main) refers to main.o(.bss.main.last_publish) for main.last_publish
    main.o(.text.main) refers to main.o(.rodata.str1.1) for .L.str.6
    main.o(.text.main) refers to stm32f1xx_hal.o(.text.HAL_Delay) for HAL_Delay
    main.o(.text.main) refers to esp01s.o(.text.MQTT_ProcessReceivedData) for MQTT_ProcessReceivedData
    main.o(.text.main) refers to stm32f1xx_hal.o(.text.HAL_GetTick) for HAL_GetTick
    main.o(.text.main) refers to printf3.o(i.__0snprintf$3) for __2snprintf
    main.o(.text.main) refers to esp01s.o(.text.MQTT_Publish) for MQTT_Publish
    main.o(.ARM.exidx.text.main) refers to main.o(.text.main) for [Anonymous Symbol]
    main.o(.text.SystemClock_Config) refers to stm32f1xx_hal_rcc.o(.text.HAL_RCC_OscConfig) for HAL_RCC_OscConfig
    main.o(.text.SystemClock_Config) refers to stm32f1xx_hal_rcc.o(.text.HAL_RCC_ClockConfig) for HAL_RCC_ClockConfig
    main.o(.text.SystemClock_Config) refers to stm32f1xx_hal_rcc_ex.o(.text.HAL_RCCEx_PeriphCLKConfig) for HAL_RCCEx_PeriphCLKConfig
    main.o(.ARM.exidx.text.SystemClock_Config) refers to main.o(.text.SystemClock_Config) for [Anonymous Symbol]
    main.o(.ARM.exidx.text.Error_Handler) refers to main.o(.text.Error_Handler) for [Anonymous Symbol]
    main.o(.text.HAL_TIM_PeriodElapsedCallback) refers to stm32f1xx_hal.o(.text.HAL_IncTick) for HAL_IncTick
    main.o(.ARM.exidx.text.HAL_TIM_PeriodElapsedCallback) refers to main.o(.text.HAL_TIM_PeriodElapsedCallback) for [Anonymous Symbol]
    gpio.o(.text.MX_GPIO_Init) refers to stm32f1xx_hal_gpio.o(.text.HAL_GPIO_WritePin) for HAL_GPIO_WritePin
    gpio.o(.text.MX_GPIO_Init) refers to stm32f1xx_hal_gpio.o(.text.HAL_GPIO_Init) for HAL_GPIO_Init
[...]
    [Anonymous Symbol]                       0x08004a6c   Section        0  usbd_desc.o(.text.USBD_FS_ConfigStrDescriptor)
    [Anonymous Symbol]                       0x08004a90   Section        0  usbd_desc.o(.text.USBD_FS_DeviceDescriptor)
    [Anonymous Symbol]                       0x08004aa0   Section        0  usbd_desc.o(.text.USBD_FS_InterfaceStrDescriptor)
    [Anonymous Symbol]                       0x08004ac8   Section        0  usbd_desc.o(.text.USBD_FS_LangIDStrDescriptor)
    [Anonymous Symbol]                       0x08004ad8   Section        0  usbd_desc.o(.text.USBD_FS_ManufacturerStrDescriptor)
    [Anonymous Symbol]                       0x08004b04   Section        0  usbd_desc.o(.text.USBD_FS_ProductStrDescriptor)
    [Anonymous Symbol]                       0x08004b34   Section        0  usbd_desc.o(.text.USBD_FS_SerialStrDescriptor)
    [Anonymous Symbol]                       0x08004ca4   Section        0  usbd_ctlreq.o(.text.USBD_GetString)
    [Anonymous Symbol]                       0x08004d78   Section        0  usbd_core.o(.text.USBD_Init)
    [Anonymous Symbol]                       0x08004da8   Section        0  usbd_conf.o(.text.USBD_LL_ClearStallEP)
    [Anonymous Symbol]                       0x08004dcc   Section        0  usbd_conf.o(.text.USBD_LL_CloseEP)
    [Anonymous Symbol]                       0x08004df0   Section        0  usbd_core.o(.text.USBD_LL_DataInStage)
    [Anonymous Symbol]                       0x08004ebc   Section        0  usbd_core.o(.text.USBD_LL_DataOutStage)
    [Anonymous Symbol]                       0x08004f38   Section        0  usbd_conf.o(.text.USBD_LL_GetRxDataSize)
    [Anonymous Symbol]                       0x08004f40   Section        0  usbd_conf.o(.text.USBD_LL_Init)
    [Anonymous Symbol]                       0x08004fc8   Section        0  usbd_conf.o(.text.USBD_LL_IsStallEP)
    [Anonymous Symbol]                       0x08004ff4   Section        0  usbd_conf.o(.text.USBD_LL_OpenEP)
    [Anonymous Symbol]                       0x0800501c   Section        0  usbd_conf.o(.text.USBD_LL_PrepareReceive)
    [Anonymous Symbol]                       0x08005040   Section        0  usbd_core.o(.text.USBD_LL_Reset)
    [Anonymous Symbol]                       0x08005094   Section        0  usbd_core.o(.text.USBD_LL_Resume)
    [Anonymous Symbol]                       0x080050a8   Section        0  usbd_core.o(.text.USBD_LL_SOF)
    [Anonymous Symbol]                       0x080050c4   Section        0  usbd_core.o(.text.USBD_LL_SetSpeed)
    [Anonymous Symbol]                       0x080050cc   Section        0  usbd_conf.o(.text.USBD_LL_SetUSBAddress)
    [Anonymous Symbol]                       0x080050f0   Section        0  usbd_core.o(.text.USBD_LL_SetupStage)
    [Anonymous Symbol]                       0x0800514c   Section        0  usbd_conf.o(.text.USBD_LL_StallEP)
    [Anonymous Symbol]                       0x08005170   Section        0  usbd_conf.o(.text.USBD_LL_Start)
    [Anonymous Symbol]                       0x08005194   Section        0  usbd_core.o(.text.USBD_LL_Suspend)
    [Anonymous Symbol]                       0x080051a8   Section        0  usbd_conf.o(.text.USBD_LL_Transmit)
    [Anonymous Symbol]                       0x080051cc   Section        0  usbd_ctlreq.o(.text.USBD_ParseSetupRequest)
    [Anonymous Symbol]                       0x080051e4   Section        0  usbd_core.o(.text.USBD_RegisterClass)
    [Anonymous Symbol]                       0x080051f4   Section        0  usbd_core.o(.text.USBD_SetClassConfig)
    [Anonymous Symbol]                       0x08005210   Section        0  usbd_core.o(.text.USBD_Start)
    [Anonymous Symbol]                       0x0800521c   Section        0  usbd_ctlreq.o(.text.USBD_StdDevReq)
    [Anonymous Symbol]                       0x08005504   Section        0  usbd_ctlreq.o(.text.USBD_StdEPReq)
    [Anonymous Symbol]                       0x08005634   Section        0  usbd_ctlreq.o(.text.USBD_StdItfReq)
    [Anonymous Symbol]                       0x08005694   Section        0  usbd_conf.o(.text.USBD_static_free)
    [Anonymous Symbol]                       0x08005698   Section        0  usbd_conf.o(.text.USBD_static_malloc)
    [Anonymous Symbol]                       0x080056a4   Section        0  stm32f1xx_ll_usb.o(.text.USB_ActivateEndpoint)
    [Anonymous Symbol]                       0x08005920   Section        0  stm32f1xx_ll_usb.o(.text.USB_CoreInit)
    [Anonymous Symbol]                       0x08005924   Section        0  stm32f1xx_ll_usb.o(.text.USB_DeactivateEndpoint)
    [Anonymous Symbol]                       0x08005a08   Section        0  stm32f1xx_ll_usb.o(.text.USB_DevConnect)
    [Anonymous Symbol]                       0x08005a0c   Section        0  stm32f1xx_ll_usb.o(.text.USB_DevDisconnect)
    [Anonymous Symbol]                       0x08005a10   Section        0  stm32f1xx_ll_usb.o(.text.USB_DevInit)
    [Anonymous Symbol]                       0x08005a2c   Section        0  stm32f1xx_ll_usb.o(.text.USB_DisableGlobalInt)
    [Anonymous Symbol]                       0x08005a40   Section        0  stm32f1xx_ll_usb.o(.text.USB_EP0_OutStart)
    [Anonymous Symbol]                       0x08005a44   Section        0  stm32f1xx_ll_usb.o(.text.USB_EPClearStall)
    [Anonymous Symbol]                       0x08005ac0   Section        0  stm32f1xx_ll_usb.o(.text.USB_EPSetStall)
    [Anonymous Symbol]                       0x08005af4   Section        0  stm32f1xx_ll_usb.o(.text.USB_EPStartXfer)
    [Anonymous Symbol]                       0x0800632c   Section        0  stm32f1xx_ll_usb.o(.text.USB_EnableGlobalInt)
    [Anonymous Symbol]                       0x08006340   Section        0  stm32f1xx_it.o(.text.USB_LP_CAN1_RX0_IRQHandler)
    [Anonymous Symbol]                       0x0800634c   Section        0  stm32f1xx_ll_usb.o(.text.USB_ReadInterrupts)
    [Anonymous Symbol]                       0x08006354   Section        0  stm32f1xx_ll_usb.o(.text.USB_ReadPMA)
    [Anonymous Symbol]                       0x08006408   Section        0  stm32f1xx_ll_usb.o(.text.USB_SetCurrentMode)
    [Anonymous Symbol]                       0x0800640c   Section        0  stm32f1xx_ll_usb.o(.text.USB_SetDevAddress)
    [Anonymous Symbol]                       0x0800641c   Section        0  stm32f1xx_ll_usb.o(.text.USB_WritePMA)
    [Anonymous Symbol]                       0x080064b8   Section        0  stm32f1xx_it.o(.text.UsageFault_Handler)
    [Anonymous Symbol]                       0x080064bc   Section        0  main.o(.text.fputc)
    [Anonymous Symbol]                       0x080064e4   Section        0  main.o(.text.main)
    send_at_command                          0x08006699   Thumb Code   166  esp01s.o(.text.send_at_command)
    [Anonymous Symbol]                       0x08006698   Section        0  esp01s.o(.text.send_at_command)
    i.__0printf$3                            0x08006740   Section        0  printf3.o(i.__0printf$3)
    i.__0snprintf$3                          0x08006760   Section        0  printf3.o(i.__0snprintf$3)
    i.__0sprintf$3                           0x08006794   Section        0  printf3.o(i.__0sprintf$3)
    i.__scatterload_copy                     0x080067bc   Section       14  handlers.o(i.__scatterload_copy)
    i.__scatterload_null                     0x080067ca   Section        2  handlers.o(i.__scatterload_null)
    i.__scatterload_zeroinit                 0x080067cc   Section       14  handlers.o(i.__scatterload_zeroinit)
    i._is_digit                              0x080067da   Section        0  scanf_fp.o(i._is_digit)
    _printf_core                             0x080067e9   Thumb Code   436  printf3.o(i._printf_core)
    i._printf_core                           0x080067e8   Section        0  printf3.o(i._printf_core)
    _snputc                                  0x080069a1   Thumb Code    22  printf3.o(i._snputc)
    i._snputc                                0x080069a0   Section        0  printf3.o(i._snputc)
    _sputc                                   0x080069b7   Thumb Code    10  printf3.o(i._sputc)
    i._sputc                                 0x080069b6   Section        0  printf3.o(i._sputc)
    i.puts                                   0x080069c0   Section        0  puts.o(i.puts)
    .constdata                               0x080069e4   Section       64  ctype_c.o(.constdata)
    HAL_RCC_GetSysClockFreq.aPredivFactorTable 0x08006a3c   Data           2  stm32f1xx_hal_rcc.o(.rodata.HAL_RCC_GetSysClockFreq.aPredivFactorTable)
    [Anonymous Symbol]                       0x08006a3c   Section        0  stm32f1xx_hal_rcc.o(.rodata.HAL_RCC_GetSysClockFreq.aPredivFactorTable)
    HAL_RCC_GetSysClockFreq.aPLLMULFactorTable 0x08006a3e   Data          16  stm32f1xx_hal_rcc.o(.rodata.cst16)
    [Anonymous Symbol]                       0x08006a3e   Section        0  stm32f1xx_hal_rcc.o(.rodata.cst16)
    .L.str.6                                 0x08006a4e   Data          27  main.o(.rodata.str1.1)
    [Anonymous Symbol]                       0x08006a4e   Section        0  main.o(.rodata.str1.1)
    .L.str.27                                0x08006a69   Data          39  esp01s.o(.rodata.str1.1)
    [Anonymous Symbol]                       0x08006a69   Section        0  esp01s.o(.rodata.str1.1)
    .L.str.23                                0x08006a90   Data          21  esp01s.o(.rodata.str1.1)
    .L.str.26                                0x08006aa5   Data          40  esp01s.o(.rodata.str1.1)
    .L.str.30                                0x08006acd   Data          26  esp01s.o(.rodata.str1.1)
    .L.str.20                                0x08006ae7   Data          14  esp01s.o(.rodata.str1.1)
    .L.str.13                                0x08006af5   Data           5  esp01s.o(.rodata.str1.1)
    .L.str.4                                 0x08006afa   Data          43  esp01s.o(.rodata.str1.1)
    .L.str.19                                0x08006b25   Data          23  esp01s.o(.rodata.str1.1)
    .L.str.29                                0x08006b3c   Data          23  esp01s.o(.rodata.str1.1)
    .L.str.22                                0x08006b53   Data          23  esp01s.o(.rodata.str1.1)
    .L.str.25                                0x08006b6a   Data          23  esp01s.o(.rodata.str1.1)
    .Lstr.41                                 0x08006b81   Data          34  esp01s.o(.rodata.str1.1)
    .Lstr.39                                 0x08006ba3   Data          44  esp01s.o(.rodata.str1.1)
    .Lstr.40                                 0x08006bcf   Data          39  esp01s.o(.rodata.str1.1)
    .Lstr.38                                 0x08006bf6   Data          46  esp01s.o(.rodata.str1.1)
    .Lstr.37                                 0x08006c3d   Data           3  esp01s.o(.rodata.str1.1)
    .data                                    0x20000000   Section        4  stdout.o(.data)
    .L_MergedGlobals                         0x20000004   Data           8  stm32f1xx_hal.o(.data..L_MergedGlobals)
    [Anonymous Symbol]                       0x20000004   Section        0  stm32f1xx_hal.o(.data..L_MergedGlobals)
    USBD_CDC_DeviceQualifierDesc             0x200000ec   Data          10  usbd_cdc.o(.data.USBD_CDC_DeviceQualifierDesc)
    [Anonymous Symbol]                       0x200000ec   Section        0  usbd_cdc.o(.data.USBD_CDC_DeviceQualifierDesc)
    .L_MergedGlobals                         0x200001a0   Data           4  esp01s.o(.bss..L_MergedGlobals)
    [Anonymous Symbol]                       0x200001a0   Section        0  esp01s.o(.bss..L_MergedGlobals)
    USBD_SetConfig.cfgidx                    0x200001a4   Data           1  usbd_ctlreq.o(.bss.USBD_SetConfig.cfgidx)
    [Anonymous Symbol]                       0x200001a4   Section        0  usbd_ctlreq.o(.bss.USBD_SetConfig.cfgidx)
    USBD_static_malloc.mem                   0x200003a8   Data         544  usbd_conf.o(.bss.USBD_static_malloc.mem)
    [Anonymous Symbol]                       0x200003a8   Section        0  usbd_conf.o(.bss.USBD_static_malloc.mem)
    main.last_publish                        0x200014c4   Data           4  main.o(.bss.main.last_publish)
    [Anonymous Symbol]                       0x200014c4   Section        0  main.o(.bss.main.last_publish)
    STACK                                    0x200016d0   Section     1024  startup_stm32f103xe.o(STACK)

    Global Symbols

    Symbol Name                              Value     Ov Type        Size  Object(Section)

    BuildAttributes$$THM_ISAv4$P$D$K$B$S$PE$A:L22UL41UL21$X:L11$S22US41US21$IEEE1$IW$~IW$USESV6$~STKCKD$USESV7$~SHL$OTIME$ROPI$EBA8$MICROLIB$REQ8$PRES8$EABIv2 0x00000000   Number         0  anon$$obj.o ABSOLUTE
    _printf_a                                0x00000000   Number         0  printfstubs.o ABSOLUTE
    _printf_c                                0x00000000   Number         0  printfstubs.o ABSOLUTE
    _printf_charcount                        0x00000000   Number         0  printfstubs.o ABSOLUTE
    _printf_d                                0x00000000   Number         0  printfstubs.o ABSOLUTE
    _printf_e                                0x00000000   Number         0  printfstubs.o ABSOLUTE
    _printf_f                                0x00000000   Number         0  printfstubs.o ABSOLUTE
    _printf_flags                            0x00000000   Number         0  printfstubs.o ABSOLUTE
    _printf_fp_dec                           0x00000000   Number         0  printfstubs.o ABSOLUTE
    _printf_fp_hex                           0x00000000   Number         0  printfstubs.o ABSOLUTE
    _printf_g                                0x00000000   Number         0  printfstubs.o ABSOLUTE
    _printf_i                                0x00000000   Number         0  printfstubs.o ABSOLUTE
    _printf_int_dec                          0x00000000   Number         0  printfstubs.o ABSOLUTE
    _printf_l                                0x00000000   Number         0  printfstubs.o ABSOLUTE
    _printf_lc                               0x00000000   Number         0  printfstubs.o ABSOLUTE
    _printf_ll                               0x00000000   Number         0  printfstubs.o ABSOLUTE
    _printf_lld                              0x00000000   Number         0  printfstubs.o ABSOLUTE
    _printf_lli                              0x00000000   Number         0  printfstubs.o ABSOLUTE
    _printf_llo                              0x00000000   Number         0  printfstubs.o ABSOLUTE
    _printf_llu                              0x00000000   Number         0  printfstubs.o ABSOLUTE
    _printf_llx                              0x00000000   Number         0  printfstubs.o ABSOLUTE
    _printf_longlong_dec                     0x00000000   Number         0  printfstubs.o ABSOLUTE
    _printf_longlong_hex                     0x00000000   Number         0  printfstubs.o ABSOLUTE
    _printf_longlong_oct                     0x00000000   Number         0  printfstubs.o ABSOLUTE
    _printf_ls                               0x00000000   Number         0  printfstubs.o ABSOLUTE
    _printf_mbtowc                           0x00000000   Number         0  printfstubs.o ABSOLUTE
    _printf_n                                0x00000000   Number         0  printfstubs.o ABSOLUTE
    _printf_o                                0x00000000   Number         0  printfstubs.o ABSOLUTE
    _printf_p                                0x00000000   Number         0  printfstubs.o ABSOLUTE
    _printf_percent                          0x00000000   Number         0  printfstubs.o ABSOLUTE
    _printf_pre_padding                      0x00000000   Number         0  printfstubs.o ABSOLUTE
    _printf_return_value                     0x00000000   Number         0  printfstubs.o ABSOLUTE
    _printf_s                                0x00000000   Number         0  printfstubs.o ABSOLUTE
    _printf_sizespec                         0x00000000   Number         0  printfstubs.o ABSOLUTE
    _printf_str                              0x00000000   Number         0  printfstubs.o ABSOLUTE
    _printf_truncate_signed                  0x00000000   Number         0  printfstubs.o ABSOLUTE
    _printf_truncate_unsigned                0x00000000   Number         0  printfstubs.o ABSOLUTE
    _printf_u                                0x00000000   Number         0  printfstubs.o ABSOLUTE
    _printf_wc                               0x00000000   Number         0  printfstubs.o ABSOLUTE
    _printf_wctomb                           0x00000000   Number         0  printfstubs.o ABSOLUTE
    _printf_widthprec                        0x00000000   Number         0  printfstubs.o ABSOLUTE
    _printf_x                                0x00000000   Number         0  printfstubs.o ABSOLUTE
    __cpp_initialize__aeabi_                  - Undefined Weak Reference
    __cxa_finalize                            - Undefined Weak Reference
    _clock_init                               - Undefined Weak Reference
    _microlib_exit                            - Undefined Weak Reference
    __Vectors_Size                           0x00000130   Number         0  startup_stm32f103xe.o ABSOLUTE
    __Vectors                                0x08000000   Data           4  startup_stm32f103xe.o(RESET)
    __Vectors_End                            0x08000130   Data           0  startup_stm32f103xe.o(RESET)
    __main                                   0x08000131   Thumb Code     0  entry.o(.ARM.Collect$$$$00000000)
    _main_stk                                0x08000131   Thumb Code     0  entry2.o(.ARM.Collect$$$$00000001)
    _main_scatterload                        0x08000135   Thumb Code     0  entry5.o(.ARM.Collect$$$$00000004)
    __main_after_scatterload                 0x08000139   Thumb Code     0  entry5.o(.ARM.Collect$$$$00000004)
    _main_clock                              0x08000139   Thumb Code     0  entry7b.o(.ARM.Collect$$$$00000008)
    _main_cpp_init                           0x08000139   Thumb Code     0  entry8b.o(.ARM.Collect$$$$0000000A)
    _main_init                               0x08000139   Thumb Code     0  entry9a.o(.ARM.Collect$$$$0000000B)
    __rt_final_cpp                           0x08000141   Thumb Code     0  entry10a.o(.ARM.Collect$$$$0000000D)
    __rt_final_exit                          0x08000141   Thumb Code     0  entry11a.o(.ARM.Collect$$$$0000000F)
    Reset_Handler                            0x08000145   Thumb Code     8  startup_stm32f103xe.o(.text)
    ADC1_2_IRQHandler                        0x0800015f   Thumb Code     0  startup_stm32f103xe.o(.text)
    ADC3_IRQHandler                          0x0800015f   Thumb Code     0  startup_stm32f103xe.o(.text)
    CAN1_RX1_IRQHandler                      0x0800015f   Thumb Code     0  startup_stm32f103xe.o(.text)
    CAN1_SCE_IRQHandler                      0x0800015f   Thumb Code     0  startup_stm32f103xe.o(.text)
    DMA1_Channel1_IRQHandler                 0x0800015f   Thumb Code     0  startup_stm32f103xe.o(.text)
    DMA1_Channel3_IRQHandler                 0x0800015f   Thumb Code     0  startup_stm32f103xe.o(.text)
    DMA1_Channel5_IRQHandler                 0x0800015f   Thumb Code     0  startup_stm32f103xe.o(.text)
    DMA1_Channel6_IRQHandler                 0x0800015f   Thumb Code     0  startup_stm32f103xe.o(.text)
    DMA1_Channel7_IRQHandler                 0x0800015f   Thumb Code     0  startup_stm32f103xe.o(.text)
    DMA2_Channel1_IRQHandler                 0x0800015f   Thumb Code     0  startup_stm32f103xe.o(.text)
    DMA2_Channel2_IRQHandler                 0x0800015f   Thumb Code     0  startup_stm32f103xe.o(.text)
    DMA2_Channel3_IRQHandler                 0x0800015f   Thumb Code     0  startup_stm32f103xe.o(.text)
    DMA2_Channel4_5_IRQHandler               0x0800015f   Thumb Code     0  startup_stm32f103xe.o(.text)
    EXTI0_IRQHandler                         0x0800015f   Thumb Code     0  startup_stm32f103xe.o(.text)
    EXTI15_10_IRQHandler                     0x0800015f   Thumb Code     0  startup_stm32f103xe.o(.text)
    EXTI1_IRQHandler                         0x0800015f   Thumb Code     0  startup_stm32f103xe.o(.text)
    EXTI2_IRQHandler                         0x0800015f   Thumb Code     0  startup_stm32f103xe.o(.text)
    EXTI3_IRQHandler                         0x0800015f   Thumb Code     0  startup_stm32f103xe.o(.text)
    EXTI4_IRQHandler                         0x0800015f   Thumb Code     0  startup_stm32f103xe.o(.text)
    EXTI9_5_IRQHandler                       0x0800015f   Thumb Code     0  startup_stm32f103xe.o(.text)
    FLASH_IRQHandler                         0x0800015f   Thumb Code     0  startup_stm32f103xe.o(.text)
    FSMC_IRQHandler                          0x0800015f   Thumb Code     0  startup_stm32f103xe.o(.text)
    I2C1_ER_IRQHandler                       0x0800015f   Thumb Code     0  startup_stm32f103xe.o(.text)
    I2C1_EV_IRQHandler                       0x0800015f   Thumb Code     0  startup_stm32f103xe.o(.text)
    I2C2_ER_IRQHandler                       0x0800015f   Thumb Code     0  startup_stm32f103xe.o(.text)
    I2C2_EV_IRQHandler                       0x0800015f   Thumb Code     0  startup_stm32f103xe.o(.text)
    PVD_IRQHandler                           0x0800015f   Thumb Code     0  startup_stm32f103xe.o(.text)
    RCC_IRQHandler                           0x0800015f   Thumb Code     0  startup_stm32f103xe.o(.text)
    RTC_Alarm_IRQHandler                     0x0800015f   Thumb Code     0  startup_stm32f103xe.o(.text)
    RTC_IRQHandler                           0x0800015f   Thumb Code     0  startup_stm32f103xe.o(.text)
    SDIO_IRQHandler                          0x0800015f   Thumb Code     0  startup_stm32f103xe.o(.text)
    SPI1_IRQHandler                          0x0800015f   Thumb Code     0  startup_stm32f103xe.o(.text)
    SPI2_IRQHandler                          0x0800015f   Thumb Code     0  startup_stm32f103xe.o(.text)
    SPI3_IRQHandler                          0x0800015f   Thumb Code     0  startup_stm32f103xe.o(.text)
    TAMPER_IRQHandler                        0x0800015f   Thumb Code     0  startup_stm32f103xe.o(.text)
    TIM1_BRK_IRQHandler                      0x0800015f   Thumb Code     0  startup_stm32f103xe.o(.text)
    TIM1_CC_IRQHandler                       0x0800015f   Thumb Code     0  startup_stm32f103xe.o(.text)
    TIM1_TRG_COM_IRQHandler                  0x0800015f   Thumb Code     0  startup_stm32f103xe.o(.text)
    TIM1_UP_IRQHandler                       0x0800015f   Thumb Code     0  startup_stm32f103xe.o(.text)
    TIM2_IRQHandler                          0x0800015f   Thumb Code     0  startup_stm32f103xe.o(.text)
    TIM3_IRQHandler                          0x0800015f   Thumb Code     0  startup_stm32f103xe.o(.text)
    TIM4_IRQHandler                          0x0800015f   Thumb Code     0  startup_stm32f103xe.o(.text)
    TIM5_IRQHandler                          0x0800015f   Thumb Code     0  startup_stm32f103xe.o(.text)
    TIM6_IRQHandler                          0x0800015f   Thumb Code     0  startup_stm32f103xe.o(.text)
    TIM8_BRK_IRQHandler                      0x0800015f   Thumb Code     0  startup_stm32f103xe.o(.text)
    TIM8_CC_IRQHandler                       0x0800015f   Thumb Code     0  startup_stm32f103xe.o(.text)
    TIM8_TRG_COM_IRQHandler                  0x0800015f   Thumb Code     0  startup_stm32f103xe.o(.text)
    TIM8_UP_IRQHandler                       0x0800015f   Thumb Code     0  startup_stm32f103xe.o(.text)
    UART4_IRQHandler                         0x0800015f   Thumb Code     0  startup_stm32f103xe.o(.text)
    UART5_IRQHandler                         0x0800015f   Thumb Code     0  startup_stm32f103xe.o(.text)
    USART2_IRQHandler                        0x0800015f   Thumb Code     0  startup_stm32f103xe.o(.text)
    USBWakeUp_IRQHandler                     0x0800015f   Thumb Code     0  startup_stm32f103xe.o(.text)
    USB_HP_CAN1_TX_IRQHandler                0x0800015f   Thumb Code     0  startup_stm32f103xe.o(.text)
    WWDG_IRQHandler                          0x0800015f   Thumb Code     0  startup_stm32f103xe.o(.text)
    __aeabi_memset                           0x08000169   Thumb Code    14  memseta.o(.text)
    __aeabi_memset4                          0x08000169   Thumb Code     0  memseta.o(.text)
    __aeabi_memset8                          0x08000169   Thumb Code     0  memseta.o(.text)
    __aeabi_memclr                           0x08000177   Thumb Code     4  memseta.o(.text)
    __aeabi_memclr4                          0x08000177   Thumb Code     0  memseta.o(.text)
    __aeabi_memclr8                          0x08000177   Thumb Code     0  memseta.o(.text)
    _memset$wrapper                          0x0800017b   Thumb Code    18  memseta.o(.text)
    strstr                                   0x0800018d   Thumb Code    36  strstr.o(.text)
    strlen                                   0x080001b1   Thumb Code    14  strlen.o(.text)
    sscanf                                   0x080001c1   Thumb Code    48  sscanf.o(.text)
    _scanf_int                               0x080001f9   Thumb Code   332  _scanf_int.o(.text)
    _scanf_string                            0x08000345   Thumb Code   224  _scanf_str.o(.text)
    __aeabi_uidiv                            0x08000425   Thumb Code     0  uidiv.o(.text)
    __aeabi_uidivmod                         0x08000425   Thumb Code    44  uidiv.o(.text)
    _chval                                   0x08000451   Thumb Code    28  _chval.o(.text)
    _scanf_longlong                          0x0800046d   Thumb Code   342  _scanf_longlong.o(.text)
    _scanf_real                              0x080006ed   Thumb Code     0  scanf_fp.o(.text)
    _scanf_really_real                       0x080006ed   Thumb Code   556  scanf_fp.o(.text)
    __vfscanf_char                           0x08000931   Thumb Code    20  scanf_char.o(.text)
    _sgetc                                   0x0800094d   Thumb Code    30  _sgetc.o(.text)
    _sbackspace                              0x0800096b   Thumb Code    34  _sgetc.o(.text)
    __I$use$fp                               0x0800098d   Thumb Code     0  iusefp.o(.text)
    __aeabi_dmul                             0x0800098d   Thumb Code   228  dmul.o(.text)
    __aeabi_ddiv                             0x08000a71   Thumb Code   222  ddiv.o(.text)
    __scatterload                            0x08000b51   Thumb Code    38  init.o(.text)
    __scatterload_rt2                        0x08000b51   Thumb Code     0  init.o(.text)
    __aeabi_llsl                             0x08000b81   Thumb Code    30  llshl.o(.text)
    _ll_shift_l                              0x08000b81   Thumb Code     0  llshl.o(.text)
    __aeabi_llsr                             0x08000b9f   Thumb Code    32  llushr.o(.text)
    _ll_ushift_r                             0x08000b9f   Thumb Code     0  llushr.o(.text)
    isspace                                  0x08000bbf   Thumb Code    10  isspace_c.o(.text)
    __vfscanf                                0x08000bc9   Thumb Code   808  _scanf.o(.text)
    _double_round                            0x08000ef5   Thumb Code    30  depilogue.o(.text)
    _double_epilogue                         0x08000f13   Thumb Code   156  depilogue.o(.text)
    __aeabi_ul2d                             0x08000faf   Thumb Code    24  dfltul.o(.text)
    __aeabi_d2f                              0x08000fc7   Thumb Code    56  d2f.o(.text)
    __ctype_lookup                           0x08001001   Thumb Code    34  ctype_c.o(.text)
    _float_round                             0x08001029   Thumb Code    18  fepilogue.o(.text)
    _float_epilogue                          0x0800103b   Thumb Code    92  fepilogue.o(.text)
    __decompress                             0x08001097   Thumb Code     0  __dczerorl2.o(.text)
    __decompress1                            0x08001097   Thumb Code    86  __dczerorl2.o(.text)
    BusFault_Handler                         0x080010ed   Thumb Code     2  stm32f1xx_it.o(.text.BusFault_Handler)
    DMA1_Channel2_IRQHandler                 0x08001141   Thumb Code    12  stm32f1xx_it.o(.text.DMA1_Channel2_IRQHandler)
    DMA1_Channel4_IRQHandler                 0x0800114d   Thumb Code    12  stm32f1xx_it.o(.text.DMA1_Channel4_IRQHandler)
    DebugMon_Handler                         0x08001159   Thumb Code     2  stm32f1xx_it.o(.text.DebugMon_Handler)
    ESP01S_Init                              0x0800115d   Thumb Code   600  esp01s.o(.text.ESP01S_Init)
    Error_Handler                            0x08001441   Thumb Code    10  main.o(.text.Error_Handler)
    HAL_DMA_Abort                            0x0800144d   Thumb Code    70  stm32f1xx_hal_dma.o(.text.HAL_DMA_Abort)
    HAL_DMA_Abort_IT                         0x08001495   Thumb Code   304  stm32f1xx_hal_dma.o(.text.HAL_DMA_Abort_IT)
    HAL_DMA_IRQHandler                       0x080015c5   Thumb Code   654  stm32f1xx_hal_dma.o(.text.HAL_DMA_IRQHandler)
    HAL_DMA_Init                             0x08001855   Thumb Code   156  stm32f1xx_hal_dma.o(.text.HAL_DMA_Init)
    HAL_DMA_Start_IT                         0x080018f1   Thumb Code   160  stm32f1xx_hal_dma.o(.text.HAL_DMA_Start_IT)
    HAL_Delay                                0x08001991   Thumb Code    40  stm32f1xx_hal.o(.text.HAL_Delay)
    HAL_GPIO_Init                            0x080019b9   Thumb Code   486  stm32f1xx_hal_gpio.o(.text.HAL_GPIO_Init)
    HAL_GPIO_WritePin                        0x08001ba1   Thumb Code    10  stm32f1xx_hal_gpio.o(.text.HAL_GPIO_WritePin)
    HAL_GetTick                              0x08001bad   Thumb Code    12  stm32f1xx_hal.o(.text.HAL_GetTick)
    HAL_IncTick                              0x08001bb9   Thumb Code    26  stm32f1xx_hal.o(.text.HAL_IncTick)
    HAL_Init                                 0x08001bd5   Thumb Code    38  stm32f1xx_hal.o(.text.HAL_Init)
    HAL_InitTick                             0x08001bfd   Thumb Code   178  stm32f1xx_hal_timebase_tim.o(.text.HAL_InitTick)
    HAL_MspInit                              0x08001cb1   Thumb Code    66  stm32f1xx_hal_msp.o(.text.HAL_MspInit)
    HAL_NVIC_EnableIRQ                       0x08001cf5   Thumb Code    34  stm32f1xx_hal_cortex.o(.text.HAL_NVIC_EnableIRQ)
    HAL_NVIC_SetPriority                     0x08001d19   Thumb Code    86  stm32f1xx_hal_cortex.o(.text.HAL_NVIC_SetPriority)
    HAL_NVIC_SetPriorityGrouping             0x08001d71   Thumb Code    32  stm32f1xx_hal_cortex.o(.text.HAL_NVIC_SetPriorityGrouping)
    HAL_PCDEx_PMAConfig                      0x08001d91   Thumb Code    76  stm32f1xx_hal_pcd_ex.o(.text.HAL_PCDEx_PMAConfig)
    HAL_PCDEx_SetConnectionState             0x08001ddd   Thumb Code     2  usbd_conf.o(.text.HAL_PCDEx_SetConnectionState)
    HAL_PCD_DataInStageCallback              0x08001de1   Thumb Code    20  usbd_conf.o(.text.HAL_PCD_DataInStageCallback)
    HAL_PCD_DataOutStageCallback             0x08001df5   Thumb Code    22  usbd_conf.o(.text.HAL_PCD_DataOutStageCallback)
    HAL_PCD_EP_Close                         0x08001e0d   Thumb Code    78  stm32f1xx_hal_pcd.o(.text.HAL_PCD_EP_Close)
    HAL_PCD_EP_ClrStall                      0x08001e5d   Thumb Code   100  stm32f1xx_hal_pcd.o(.text.HAL_PCD_EP_ClrStall)
    HAL_PCD_EP_GetRxCount                    0x08001ec1   Thumb Code    18  stm32f1xx_hal_pcd.o(.text.HAL_PCD_EP_GetRxCount)
    HAL_PCD_EP_Open                          0x08001ed5   Thumb Code    90  stm32f1xx_hal_pcd.o(.text.HAL_PCD_EP_Open)
    HAL_PCD_EP_Receive                       0x08001f31   Thumb Code    50  stm32f1xx_hal_pcd.o(.text.HAL_PCD_EP_Receive)
    HAL_PCD_EP_SetStall                      0x08001f65   Thumb Code   108  stm32f1xx_hal_pcd.o(.text.HAL_PCD_EP_SetStall)
    HAL_PCD_EP_Transmit                      0x08001fd1   Thumb Code    54  stm32f1xx_hal_pcd.o(.text.HAL_PCD_EP_Transmit)
    HAL_PCD_IRQHandler                       0x08002009   Thumb Code  2362  stm32f1xx_hal_pcd.o(.text.HAL_PCD_IRQHandler)
    HAL_PCD_Init                             0x08002945   Thumb Code   582  stm32f1xx_hal_pcd.o(.text.HAL_PCD_Init)
    HAL_PCD_MspInit                          0x08002b8d   Thumb Code    68  usbd_conf.o(.text.HAL_PCD_MspInit)
    HAL_PCD_ResetCallback                    0x08002bd1   Thumb Code    36  usbd_conf.o(.text.HAL_PCD_ResetCallback)
    HAL_PCD_ResumeCallback                   0x08002bf5   Thumb Code     8  usbd_conf.o(.text.HAL_PCD_ResumeCallback)
    HAL_PCD_SOFCallback                      0x08002bfd   Thumb Code     8  usbd_conf.o(.text.HAL_PCD_SOFCallback)
    HAL_PCD_SetAddress                       0x08002c05   Thumb Code    40  stm32f1xx_hal_pcd.o(.text.HAL_PCD_SetAddress)
    HAL_PCD_SetupStageCallback               0x08002c2d   Thumb Code    14  usbd_conf.o(.text.HAL_PCD_SetupStageCallback)
    HAL_PCD_Start                            0x08002c3d   Thumb Code    52  stm32f1xx_hal_pcd.o(.text.HAL_PCD_Start)
    HAL_PCD_SuspendCallback                  0x08002c71   Thumb Code    38  usbd_conf.o(.text.HAL_PCD_SuspendCallback)
    HAL_RCCEx_PeriphCLKConfig                0x08002c99   Thumb Code   258  stm32f1xx_hal_rcc_ex.o(.text.HAL_RCCEx_PeriphCLKConfig)
    HAL_RCC_ClockConfig                      0x08002d9d   Thumb Code   442  stm32f1xx_hal_rcc.o(.text.HAL_RCC_ClockConfig)
    HAL_RCC_GetClockConfig                   0x08002f59   Thumb Code    66  stm32f1xx_hal_rcc.o(.text.HAL_RCC_GetClockConfig)
    HAL_RCC_GetPCLK1Freq                     0x08002f9d   Thumb Code    38  stm32f1xx_hal_rcc.o(.text.HAL_RCC_GetPCLK1Freq)
    HAL_RCC_GetPCLK2Freq                     0x08002fc5   Thumb Code    38  stm32f1xx_hal_rcc.o(.text.HAL_RCC_GetPCLK2Freq)
    HAL_RCC_OscConfig                        0x08002fed   Thumb Code  1024  stm32f1xx_hal_rcc.o(.text.HAL_RCC_OscConfig)
    HAL_TIMEx_BreakCallback                  0x080033ed   Thumb Code     2  stm32f1xx_hal_tim_ex.o(.text.HAL_TIMEx_BreakCallback)
    HAL_TIMEx_CommutCallback                 0x080033f1   Thumb Code     2  stm32f1xx_hal_tim_ex.o(.text.HAL_TIMEx_CommutCallback)
    HAL_TIM_Base_Init                        0x080033f5   Thumb Code    90  stm32f1xx_hal_tim.o(.text.HAL_TIM_Base_Init)
    HAL_TIM_Base_MspInit                     0x08003451   Thumb Code     2  stm32f1xx_hal_tim.o(.text.HAL_TIM_Base_MspInit)
    HAL_TIM_Base_Start_IT                    0x08003455   Thumb Code   134  stm32f1xx_hal_tim.o(.text.HAL_TIM_Base_Start_IT)
    HAL_TIM_IC_CaptureCallback               0x080034dd   Thumb Code     2  stm32f1xx_hal_tim.o(.text.HAL_TIM_IC_CaptureCallback)
    HAL_TIM_IRQHandler                       0x080034e1   Thumb Code   334  stm32f1xx_hal_tim.o(.text.HAL_TIM_IRQHandler)
    HAL_TIM_OC_DelayElapsedCallback          0x08003631   Thumb Code     2  stm32f1xx_hal_tim.o(.text.HAL_TIM_OC_DelayElapsedCallback)
    HAL_TIM_PWM_PulseFinishedCallback        0x08003635   Thumb Code     2  stm32f1xx_hal_tim.o(.text.HAL_TIM_PWM_PulseFinishedCallback)
    HAL_TIM_PeriodElapsedCallback            0x08003639   Thumb Code    20  main.o(.text.HAL_TIM_PeriodElapsedCallback)
    HAL_TIM_TriggerCallback                  0x0800364d   Thumb Code     2  stm32f1xx_hal_tim.o(.text.HAL_TIM_TriggerCallback)
    HAL_UARTEx_RxEventCallback               0x08003651   Thumb Code     2  stm32f1xx_hal_uart.o(.text.HAL_UARTEx_RxEventCallback)
    HAL_UART_ErrorCallback                   0x08003655   Thumb Code     2  stm32f1xx_hal_uart.o(.text.HAL_UART_ErrorCallback)
    HAL_UART_IRQHandler                      0x08003659   Thumb Code  1392  stm32f1xx_hal_uart.o(.text.HAL_UART_IRQHandler)
    HAL_UART_Init                            0x08003bc9   Thumb Code   226  stm32f1xx_hal_uart.o(.text.HAL_UART_Init)
    HAL_UART_MspInit                         0x08003cad   Thumb Code   366  usart.o(.text.HAL_UART_MspInit)
    HAL_UART_Receive_IT                      0x08003e1d   Thumb Code    84  stm32f1xx_hal_uart.o(.text.HAL_UART_Receive_IT)
    HAL_UART_RxCpltCallback                  0x08003e71   Thumb Code    86  esp01s.o(.text.HAL_UART_RxCpltCallback)
    HAL_UART_Transmit_DMA                    0x08003ec9   Thumb Code   194  stm32f1xx_hal_uart.o(.text.HAL_UART_Transmit_DMA)
    HAL_UART_TxCpltCallback                  0x08003f8d   Thumb Code     2  stm32f1xx_hal_uart.o(.text.HAL_UART_TxCpltCallback)
    HAL_UART_TxHalfCpltCallback              0x08003f91   Thumb Code     2  stm32f1xx_hal_uart.o(.text.HAL_UART_TxHalfCpltCallback)
    HardFault_Handler                        0x08003f95   Thumb Code     2  stm32f1xx_it.o(.text.HardFault_Handler)
    MQTT_ProcessReceivedData                 0x08003f99   Thumb Code    96  esp01s.o(.text.MQTT_ProcessReceivedData)
    MQTT_Publish                             0x08004029   Thumb Code    48  esp01s.o(.text.MQTT_Publish)
    MQTT_Subscribe                           0x08004079   Thumb Code    40  esp01s.o(.text.MQTT_Subscribe)
    MX_DMA_Init                              0x080040b9   Thumb Code    68  dma.o(.text.MX_DMA_Init)
    MX_GPIO_Init                             0x080040fd   Thumb Code   162  gpio.o(.text.MX_GPIO_Init)
    MX_USART1_UART_Init                      0x080041a1   Thumb Code    60  usart.o(.text.MX_USART1_UART_Init)
    MX_USART3_UART_Init                      0x080041dd   Thumb Code    60  usart.o(.text.MX_USART3_UART_Init)
    MX_USB_DEVICE_Init                       0x08004219   Thumb Code   114  usb_device.o(.text.MX_USB_DEVICE_Init)
    MemManage_Handler                        0x0800428d   Thumb Code     2  stm32f1xx_it.o(.text.MemManage_Handler)
    NMI_Handler                              0x08004291   Thumb Code     2  stm32f1xx_it.o(.text.NMI_Handler)
    PendSV_Handler                           0x08004295   Thumb Code     2  stm32f1xx_it.o(.text.PendSV_Handler)
    SVC_Handler                              0x08004299   Thumb Code     2  stm32f1xx_it.o(.text.SVC_Handler)
    SysTick_Handler                          0x0800429d   Thumb Code     2  stm32f1xx_it.o(.text.SysTick_Handler)
    SystemInit                               0x080042a1   Thumb Code     2  system_stm32f1xx.o(.text.SystemInit)
    TIM7_IRQHandler                          0x080042a5   Thumb Code    12  stm32f1xx_it.o(.text.TIM7_IRQHandler)
    TIM_Base_SetConfig                       0x080042b1   Thumb Code   224  stm32f1xx_hal_tim.o(.text.TIM_Base_SetConfig)
    USART1_IRQHandler                        0x080046d1   Thumb Code    12  stm32f1xx_it.o(.text.USART1_IRQHandler)
    USART3_IRQHandler                        0x080046dd   Thumb Code    12  stm32f1xx_it.o(.text.USART3_IRQHandler)
    USBD_CDC_GetDeviceQualifierDescriptor    0x080047d9   Thumb Code    16  usbd_cdc.o(.text.USBD_CDC_GetDeviceQualifierDescriptor)
    USBD_CDC_ReceivePacket                   0x0800489d   Thumb Code    44  usbd_cdc.o(.text.USBD_CDC_ReceivePacket)
    USBD_CDC_RegisterInterface               0x080048c9   Thumb Code    14  usbd_cdc.o(.text.USBD_CDC_RegisterInterface)
    USBD_CDC_SetRxBuffer                     0x080048d9   Thumb Code    12  usbd_cdc.o(.text.USBD_CDC_SetRxBuffer)
    USBD_CDC_SetTxBuffer                     0x080048e5   Thumb Code    16  usbd_cdc.o(.text.USBD_CDC_SetTxBuffer)
    USBD_ClrClassConfig                      0x080049bd   Thumb Code    14  usbd_core.o(.text.USBD_ClrClassConfig)
    USBD_CtlContinueRx                       0x080049cd   Thumb Code    16  usbd_ioreq.o(.text.USBD_CtlContinueRx)
    USBD_CtlContinueSendData                 0x080049dd   Thumb Code    16  usbd_ioreq.o(.text.USBD_CtlContinueSendData)
    USBD_CtlError                            0x080049ed   Thumb Code    22  usbd_ctlreq.o(.text.USBD_CtlError)
    USBD_CtlPrepareRx                        0x08004a05   Thumb Code    26  usbd_ioreq.o(.text.USBD_CtlPrepareRx)
    USBD_CtlReceiveStatus                    0x08004a21   Thumb Code    22  usbd_ioreq.o(.text.USBD_CtlReceiveStatus)
    USBD_CtlSendData                         0x08004a39   Thumb Code    26  usbd_ioreq.o(.text.USBD_CtlSendData)
    USBD_CtlSendStatus                       0x08004a55   Thumb Code    22  usbd_ioreq.o(.text.USBD_CtlSendStatus)
    USBD_FS_ConfigStrDescriptor              0x08004a6d   Thumb Code    24  usbd_desc.o(.text.USBD_FS_ConfigStrDescriptor)
    USBD_FS_DeviceDescriptor                 0x08004a91   Thumb Code    14  usbd_desc.o(.text.USBD_FS_DeviceDescriptor)
    USBD_FS_InterfaceStrDescriptor           0x08004aa1   Thumb Code    24  usbd_desc.o(.text.USBD_FS_InterfaceStrDescriptor)
    USBD_FS_LangIDStrDescriptor              0x08004ac9   Thumb Code    14  usbd_desc.o(.text.USBD_FS_LangIDStrDescriptor)
    USBD_FS_ManufacturerStrDescriptor        0x08004ad9   Thumb Code    24  usbd_desc.o(.text.USBD_FS_ManufacturerStrDescriptor)
    USBD_FS_ProductStrDescriptor             0x08004b05   Thumb Code    24  usbd_desc.o(.text.USBD_FS_ProductStrDescriptor)
    USBD_FS_SerialStrDescriptor              0x08004b35   Thumb Code   368  usbd_desc.o(.text.USBD_FS_SerialStrDescriptor)
    USBD_GetString                           0x08004ca5   Thumb Code   210  usbd_ctlreq.o(.text.USBD_GetString)
    USBD_Init                                0x08004d79   Thumb Code    48  usbd_core.o(.text.USBD_Init)
    USBD_LL_ClearStallEP                     0x08004da9   Thumb Code    34  usbd_conf.o(.text.USBD_LL_ClearStallEP)
    USBD_LL_CloseEP                          0x08004dcd   Thumb Code    34  usbd_conf.o(.text.USBD_LL_CloseEP)
    USBD_LL_DataInStage                      0x08004df1   Thumb Code   202  usbd_core.o(.text.USBD_LL_DataInStage)
    USBD_LL_DataOutStage                     0x08004ebd   Thumb Code   124  usbd_core.o(.text.USBD_LL_DataOutStage)
    USBD_LL_GetRxDataSize                    0x08004f39   Thumb Code     8  usbd_conf.o(.text.USBD_LL_GetRxDataSize)
    USBD_LL_Init                             0x08004f41   Thumb Code   134  usbd_conf.o(.text.USBD_LL_Init)
    USBD_LL_IsStallEP                        0x08004fc9   Thumb Code    42  usbd_conf.o(.text.USBD_LL_IsStallEP)
    USBD_LL_OpenEP                           0x08004ff5   Thumb Code    40  usbd_conf.o(.text.USBD_LL_OpenEP)
    USBD_LL_PrepareReceive                   0x0800501d   Thumb Code    34  usbd_conf.o(.text.USBD_LL_PrepareReceive)
    USBD_LL_Reset                            0x08005041   Thumb Code    84  usbd_core.o(.text.USBD_LL_Reset)
    USBD_LL_Resume                           0x08005095   Thumb Code    20  usbd_core.o(.text.USBD_LL_Resume)
    USBD_LL_SOF                              0x080050a9   Thumb Code    28  usbd_core.o(.text.USBD_LL_SOF)
    USBD_LL_SetSpeed                         0x080050c5   Thumb Code     8  usbd_core.o(.text.USBD_LL_SetSpeed)
    USBD_LL_SetUSBAddress                    0x080050cd   Thumb Code    34  usbd_conf.o(.text.USBD_LL_SetUSBAddress)
    USBD_LL_SetupStage                       0x080050f1   Thumb Code    92  usbd_core.o(.text.USBD_LL_SetupStage)
    USBD_LL_StallEP                          0x0800514d   Thumb Code    34  usbd_conf.o(.text.USBD_LL_StallEP)
    USBD_LL_Start                            0x08005171   Thumb Code    34  usbd_conf.o(.text.USBD_LL_Start)
    USBD_LL_Suspend                          0x08005195   Thumb Code    20  usbd_core.o(.text.USBD_LL_Suspend)
    USBD_LL_Transmit                         0x080051a9   Thumb Code    34  usbd_conf.o(.text.USBD_LL_Transmit)
    USBD_ParseSetupRequest                   0x080051cd   Thumb Code    22  usbd_ctlreq.o(.text.USBD_ParseSetupRequest)
    USBD_RegisterClass                       0x080051e5   Thumb Code    14  usbd_core.o(.text.USBD_RegisterClass)
    USBD_SetClassConfig                      0x080051f5   Thumb Code    28  usbd_core.o(.text.USBD_SetClassConfig)
    USBD_Start                               0x08005211   Thumb Code    10  usbd_core.o(.text.USBD_Start)
    USBD_StdDevReq                           0x0800521d   Thumb Code   742  usbd_ctlreq.o(.text.USBD_StdDevReq)
    USBD_StdEPReq                            0x08005505   Thumb Code   304  usbd_ctlreq.o(.text.USBD_StdEPReq)
    USBD_StdItfReq                           0x08005635   Thumb Code    94  usbd_ctlreq.o(.text.USBD_StdItfReq)
    USBD_static_free                         0x08005695   Thumb Code     2  usbd_conf.o(.text.USBD_static_free)
    USBD_static_malloc                       0x08005699   Thumb Code    10  usbd_conf.o(.text.USBD_static_malloc)
    USB_ActivateEndpoint                     0x080056a5   Thumb Code   634  stm32f1xx_ll_usb.o(.text.USB_ActivateEndpoint)
    USB_CoreInit                             0x08005921   Thumb Code     4  stm32f1xx_ll_usb.o(.text.USB_CoreInit)
    USB_DeactivateEndpoint                   0x08005925   Thumb Code   226  stm32f1xx_ll_usb.o(.text.USB_DeactivateEndpoint)
    USB_DevConnect                           0x08005a09   Thumb Code     4  stm32f1xx_ll_usb.o(.text.USB_DevConnect)
    USB_DevDisconnect                        0x08005a0d   Thumb Code     4  stm32f1xx_ll_usb.o(.text.USB_DevDisconnect)
    USB_DevInit                              0x08005a11   Thumb Code    26  stm32f1xx_ll_usb.o(.text.USB_DevInit)
    USB_DisableGlobalInt                     0x08005a2d   Thumb Code    20  stm32f1xx_ll_usb.o(.text.USB_DisableGlobalInt)
    USB_EP0_OutStart                         0x08005a41   Thumb Code     4  stm32f1xx_ll_usb.o(.text.USB_EP0_OutStart)
    USB_EPClearStall                         0x08005a45   Thumb Code   124  stm32f1xx_ll_usb.o(.text.USB_EPClearStall)
    USB_EPSetStall                           0x08005ac1   Thumb Code    50  stm32f1xx_ll_usb.o(.text.USB_EPSetStall)
    USB_EPStartXfer                          0x08005af5   Thumb Code  2102  stm32f1xx_ll_usb.o(.text.USB_EPStartXfer)
    USB_EnableGlobalInt                      0x0800632d   Thumb Code    18  stm32f1xx_ll_usb.o(.text.USB_EnableGlobalInt)
    USB_LP_CAN1_RX0_IRQHandler               0x08006341   Thumb Code    12  stm32f1xx_it.o(.text.USB_LP_CAN1_RX0_IRQHandler)
    USB_ReadInterrupts                       0x0800634d   Thumb Code     6  stm32f1xx_ll_usb.o(.text.USB_ReadInterrupts)
    USB_ReadPMA                              0x08006355   Thumb Code   180  stm32f1xx_ll_usb.o(.text.USB_ReadPMA)
    USB_SetCurrentMode                       0x08006409   Thumb Code     4  stm32f1xx_ll_usb.o(.text.USB_SetCurrentMode)
    USB_SetDevAddress                        0x0800640d   Thumb Code    14  stm32f1xx_ll_usb.o(.text.USB_SetDevAddress)
    USB_WritePMA                             0x0800641d   Thumb Code   154  stm32f1xx_ll_usb.o(.text.USB_WritePMA)
    UsageFault_Handler                       0x080064b9   Thumb Code     2  stm32f1xx_it.o(.text.UsageFault_Handler)
    fputc                                    0x080064bd   Thumb Code    40  main.o(.text.fputc)
    main                                     0x080064e5   Thumb Code   288  main.o(.text.main)
    __0printf$3                              0x08006741   Thumb Code    22  printf3.o(i.__0printf$3)
    __1printf$3                              0x08006741   Thumb Code     0  printf3.o(i.__0printf$3)
    __2printf                                0x08006741   Thumb Code     0  printf3.o(i.__0printf$3)
    __0snprintf$3                            0x08006761   Thumb Code    48  printf3.o(i.__0snprintf$3)
    __1snprintf$3                            0x08006761   Thumb Code     0  printf3.o(i.__0snprintf$3)
    __2snprintf                              0x08006761   Thumb Code     0  printf3.o(i.__0snprintf$3)
    __0sprintf$3                             0x08006795   Thumb Code    34  printf3.o(i.__0sprintf$3)
    __1sprintf$3                             0x08006795   Thumb Code     0  printf3.o(i.__0sprintf$3)
    __2sprintf                               0x08006795   Thumb Code     0  printf3.o(i.__0sprintf$3)
    __scatterload_copy                       0x080067bd   Thumb Code    14  handlers.o(i.__scatterload_copy)
    __scatterload_null                       0x080067cb   Thumb Code     2  handlers.o(i.__scatterload_null)
    __scatterload_zeroinit                   0x080067cd   Thumb Code    14  handlers.o(i.__scatterload_zeroinit)
    _is_digit                                0x080067db   Thumb Code    14  scanf_fp.o(i._is_digit)
    puts                                     0x080069c1   Thumb Code    30  puts.o(i.puts)
    __ctype_categories                       0x080069e4   Data          64  ctype_c.o(.constdata)
    AHBPrescTable                            0x08006a24   Data          16  system_stm32f1xx.o(.rodata.AHBPrescTable)
    APBPrescTable                            0x08006a34   Data           8  system_stm32f1xx.o(.rodata.APBPrescTable)
    Region$$Table$$Base                      0x08006c58   Number         0  anon$$obj.o(Region$$Table)
    Region$$Table$$Limit                     0x08006c78   Number         0  anon$$obj.o(Region$$Table)
    __stdout                                 0x20000000   Data           4  stdout.o(.data)
    uwTickFreq                               0x20000004   Data           1  stm32f1xx_hal.o(.data..L_MergedGlobals)
    uwTickPrio                               0x20000008   Data           4  stm32f1xx_hal.o(.data..L_MergedGlobals)
    FS_Desc                                  0x2000000c   Data          28  usbd_desc.o(.data.FS_Desc)
    SystemCoreClock                          0x20000028   Data           4  system_stm32f1xx.o(.data.SystemCoreClock)
    USBD_CDC                                 0x2000002c   Data          56  usbd_cdc.o(.data.USBD_CDC)
    USBD_CDC_CfgFSDesc                       0x20000064   Data          67  usbd_cdc.o(.data.USBD_CDC_CfgFSDesc)
    USBD_CDC_CfgHSDesc                       0x200000a8   Data          67  usbd_cdc.o(.data.USBD_CDC_CfgHSDesc)
    USBD_CDC_OtherSpeedCfgDesc               0x200000f8   Data          67  usbd_cdc.o(.data.USBD_CDC_OtherSpeedCfgDesc)
    USBD_FS_DeviceDesc                       0x2000013c   Data          18  usbd_desc.o(.data.USBD_FS_DeviceDesc)
    USBD_Interface_fops_FS                   0x20000150   Data          16  usbd_cdc_if.o(.data.USBD_Interface_fops_FS)
    USBD_LangIDDesc                          0x20000160   Data           4  usbd_desc.o(.data.USBD_LangIDDesc)
    USBD_StringSerial                        0x20000164   Data          26  usbd_desc.o(.data.USBD_StringSerial)
    config                                   0x20000180   Data          32  esp01s.o(.data.config)
    cmd_ready                                0x200001a0   Data           1  esp01s.o(.bss..L_MergedGlobals)
    rxTemp                                   0x200001a1   Data           1  esp01s.o(.bss..L_MergedGlobals)
    rx_index                                 0x200001a2   Data           2  esp01s.o(.bss..L_MergedGlobals)
    USBD_StrDesc                             0x200001a8   Data         512  usbd_desc.o(.bss.USBD_StrDesc)
    UserRxBufferFS                           0x200005c8   Data        1024  usbd_cdc_if.o(.bss.UserRxBufferFS)
    UserTxBufferFS                           0x200009c8   Data        1024  usbd_cdc_if.o(.bss.UserTxBufferFS)
    hUsbDeviceFS                             0x20000dc8   Data         708  usb_device.o(.bss.hUsbDeviceFS)
    hdma_usart1_tx                           0x2000108c   Data          68  usart.o(.bss.hdma_usart1_tx)
    hdma_usart3_tx                           0x200010d0   Data          68  usart.o(.bss.hdma_usart3_tx)
    hpcd_USB_FS                              0x20001114   Data         728  usbd_conf.o(.bss.hpcd_USB_FS)
    htim7                                    0x200013ec   Data          72  stm32f1xx_hal_timebase_tim.o(.bss.htim7)
    huart1                                   0x20001434   Data          72  usart.o(.bss.huart1)
    huart3                                   0x2000147c   Data          72  usart.o(.bss.huart3)
    rx_buffer                                0x200014c8   Data         512  esp01s.o(.bss.rx_buffer)
    uwTick                                   0x200016c8   Data           4  stm32f1xx_hal.o(.bss.uwTick)
    __initial_sp                             0x20001ad0   Data           0  startup_stm32f103xe.o(STACK)



==============================================================================

Memory Map of the image

  Image Entry point : 0x08000131

  Load Region LR_IROM1 (Base: 0x08000000, Size: 0x00006e18, Max: 0x00040000, ABSOLUTE, COMPRESSED[0x00006d50])

    Execution Region ER_IROM1 (Exec base: 0x08000000, Load base: 0x08000000, Size: 0x00006c78, Max: 0x00040000, ABSOLUTE)

    Exec Addr    Load Addr    Size         Type   Attr      Idx    E Section Name        Object

    0x08000000   0x08000000   0x00000130   Data   RO            3    RESET               startup_stm32f103xe.o
    0x08000130   0x08000130   0x00000000   Code   RO         1380  * .ARM.Collect$$$$00000000  mc_w.l(entry.o)
    0x08000130   0x08000130   0x00000004   Code   RO         1660    .ARM.Collect$$$$00000001  mc_w.l(entry2.o)
    0x08000134   0x08000134   0x00000004   Code   RO         1663    .ARM.Collect$$$$00000004  mc_w.l(entry5.o)
    0x08000138   0x08000138   0x00000000   Code   RO         1665    .ARM.Collect$$$$00000008  mc_w.l(entry7b.o)
    0x08000138   0x08000138   0x00000000   Code   RO         1667    .ARM.Collect$$$$0000000A  mc_w.l(entry8b.o)
    0x08000138   0x08000138   0x00000008   Code   RO         1668    .ARM.Collect$$$$0000000B  mc_w.l(entry9a.o)
    0x08000140   0x08000140   0x00000000   Code   RO         1670    .ARM.Collect$$$$0000000D  mc_w.l(entry10a.o)
    0x08000140   0x08000140   0x00000000   Code   RO         1672    .ARM.Collect$$$$0000000F  mc_w.l(entry11a.o)
    0x08000140   0x08000140   0x00000004   Code   RO         1661    .ARM.Collect$$$$00002712  mc_w.l(entry2.o)
    0x08000144   0x08000144   0x00000024   Code   RO            4    .text               startup_stm32f103xe.o
    0x08000168   0x08000168   0x00000024   Code   RO         1387    .text               mc_w.l(memseta.o)
    0x0800018c   0x0800018c   0x00000024   Code   RO         1389    .text               mc_w.l(strstr.o)
    0x080001b0   0x080001b0   0x0000000e   Code   RO         1391    .text               mc_w.l(strlen.o)
    0x080001be   0x080001be   0x00000002   PAD
    0x080001c0   0x080001c0   0x00000038   Code   RO         1654    .text               mc_w.l(sscanf.o)
    0x080001f8   0x080001f8   0x0000014c   Code   RO         1656    .text               mc_w.l(_scanf_int.o)
    0x08000344   0x08000344   0x000000e0   Code   RO         1658    .text               mc_w.l(_scanf_str.o)
    0x08000424   0x08000424   0x0000002c   Code   RO         1684    .text               mc_w.l(uidiv.o)
    0x08000450   0x08000450   0x0000001c   Code   RO         1688    .text               mc_w.l(_chval.o)
    0x0800046c   0x0800046c   0x00000156   Code   RO         1690    .text               mc_w.l(_scanf_longlong.o)
    0x080005c2   0x080005c2   0x00000002   PAD
    0x080005c4   0x080005c4   0x00000360   Code   RO         1692    .text               mc_w.l(scanf_fp.o)
    0x08000924   0x08000924   0x00000028   Code   RO         1696    .text               mc_w.l(scanf_char.o)
    0x0800094c   0x0800094c   0x00000040   Code   RO         1698    .text               mc_w.l(_sgetc.o)
    0x0800098c   0x0800098c   0x00000000   Code   RO         1700    .text               mc_w.l(iusefp.o)
    0x0800098c   0x0800098c   0x000000e4   Code   RO         1703    .text               mf_w.l(dmul.o)
    0x08000a70   0x08000a70   0x000000de   Code   RO         1705    .text               mf_w.l(ddiv.o)
    0x08000b4e   0x08000b4e   0x00000002   PAD
    0x08000b50   0x08000b50   0x00000030   Code   RO         1711    .text               mc_w.l(init.o)
    0x08000b80   0x08000b80   0x0000001e   Code   RO         1713    .text               mc_w.l(llshl.o)
    0x08000b9e   0x08000b9e   0x00000020   Code   RO         1715    .text               mc_w.l(llushr.o)
    0x08000bbe   0x08000bbe   0x0000000a   Code   RO         1719    .text               mc_w.l(isspace_c.o)
    0x08000bc8   0x08000bc8   0x0000032c   Code   RO         1721    .text               mc_w.l(_scanf.o)
    0x08000ef4   0x08000ef4   0x000000ba   Code   RO         1723    .text               mf_w.l(depilogue.o)
    0x08000fae   0x08000fae   0x00000018   Code   RO         1725    .text               mf_w.l(dfltul.o)
    0x08000fc6   0x08000fc6   0x00000038   Code   RO         1727    .text               mf_w.l(d2f.o)
    0x08000ffe   0x08000ffe   0x00000002   PAD
    0x08001000   0x08001000   0x00000028   Code   RO         1729    .text               mc_w.l(ctype_c.o)
    0x08001028   0x08001028   0x0000006e   Code   RO         1732    .text               mf_w.l(fepilogue.o)
    0x08001096   0x08001096   0x00000056   Code   RO         1742    .text               mc_w.l(__dczerorl2.o)
    0x080010ec   0x080010ec   0x00000002   Code   RO           76    .text.BusFault_Handler  stm32f1xx_it.o
    0x080010ee   0x080010ee   0x00000002   PAD
    0x080010f0   0x080010f0   0x00000004   Code   RO         1158    .text.CDC_Control_FS  usbd_cdc_if.o
    0x080010f4   0x080010f4   0x00000004   Code   RO         1156    .text.CDC_DeInit_FS  usbd_cdc_if.o
    0x080010f8   0x080010f8   0x0000002c   Code   RO         1154    .text.CDC_Init_FS   usbd_cdc_if.o
    0x08001124   0x08001124   0x0000001c   Code   RO         1160    .text.CDC_Receive_FS  usbd_cdc_if.o
    0x08001140   0x08001140   0x0000000c   Code   RO           88    .text.DMA1_Channel2_IRQHandler  stm32f1xx_it.o
    0x0800114c   0x0800114c   0x0000000c   Code   RO           90    .text.DMA1_Channel4_IRQHandler  stm32f1xx_it.o
    0x08001158   0x08001158   0x00000002   Code   RO           82    .text.DebugMon_Handler  stm32f1xx_it.o
    0x0800115a   0x0800115a   0x00000002   PAD
    0x0800115c   0x0800115c   0x000002e4   Code   RO          143    .text.ESP01S_Init   esp01s.o
    0x08001440   0x08001440   0x0000000a   Code   RO           17    .text.Error_Handler  main.o
    0x0800144a   0x0800144a   0x00000002   PAD
    0x0800144c   0x0800144c   0x00000046   Code   RO          475    .text.HAL_DMA_Abort  stm32f1xx_hal_dma.o
    0x08001492   0x08001492   0x00000002   PAD
    0x08001494   0x08001494   0x00000130   Code   RO          477    .text.HAL_DMA_Abort_IT  stm32f1xx_hal_dma.o
    0x080015c4   0x080015c4   0x0000028e   Code   RO          481    .text.HAL_DMA_IRQHandler  stm32f1xx_hal_dma.o
    0x08001852   0x08001852   0x00000002   PAD
    0x08001854   0x08001854   0x0000009c   Code   RO          467    .text.HAL_DMA_Init  stm32f1xx_hal_dma.o
    0x080018f0   0x080018f0   0x000000a0   Code   RO          473    .text.HAL_DMA_Start_IT  stm32f1xx_hal_dma.o
    0x08001990   0x08001990   0x00000028   Code   RO          351    .text.HAL_Delay     stm32f1xx_hal.o
    0x080019b8   0x080019b8   0x000001e6   Code   RO          443    .text.HAL_GPIO_Init  stm32f1xx_hal_gpio.o
    0x08001b9e   0x08001b9e   0x00000002   PAD
    0x08001ba0   0x08001ba0   0x0000000a   Code   RO          449    .text.HAL_GPIO_WritePin  stm32f1xx_hal_gpio.o
    0x08001baa   0x08001baa   0x00000002   PAD
    0x08001bac   0x08001bac   0x0000000c   Code   RO          343    .text.HAL_GetTick   stm32f1xx_hal.o
    0x08001bb8   0x08001bb8   0x0000001a   Code   RO          341    .text.HAL_IncTick   stm32f1xx_hal.o
    0x08001bd2   0x08001bd2   0x00000002   PAD
    0x08001bd4   0x08001bd4   0x00000026   Code   RO          331    .text.HAL_Init      stm32f1xx_hal.o
    0x08001bfa   0x08001bfa   0x00000002   PAD
    0x08001bfc   0x08001bfc   0x000000b2   Code   RO          116    .text.HAL_InitTick  stm32f1xx_hal_timebase_tim.o
    0x08001cae   0x08001cae   0x00000002   PAD
    0x08001cb0   0x08001cb0   0x00000042   Code   RO          107    .text.HAL_MspInit   stm32f1xx_hal_msp.o
    0x08001cf2   0x08001cf2   0x00000002   PAD
    0x08001cf4   0x08001cf4   0x00000022   Code   RO          503    .text.HAL_NVIC_EnableIRQ  stm32f1xx_hal_cortex.o
    0x08001d16   0x08001d16   0x00000002   PAD
    0x08001d18   0x08001d18   0x00000056   Code   RO          501    .text.HAL_NVIC_SetPriority  stm32f1xx_hal_cortex.o
    0x08001d6e   0x08001d6e   0x00000002   PAD
    0x08001d70   0x08001d70   0x00000020   Code   RO          499    .text.HAL_NVIC_SetPriorityGrouping  stm32f1xx_hal_cortex.o
    0x08001d90   0x08001d90   0x0000004c   Code   RO          251    .text.HAL_PCDEx_PMAConfig  stm32f1xx_hal_pcd_ex.o
    0x08001ddc   0x08001ddc   0x00000002   Code   RO         1235    .text.HAL_PCDEx_SetConnectionState  usbd_conf.o
    0x08001dde   0x08001dde   0x00000002   PAD
    0x08001de0   0x08001de0   0x00000014   Code   RO         1183    .text.HAL_PCD_DataInStageCallback  usbd_conf.o
    0x08001df4   0x08001df4   0x00000016   Code   RO         1181    .text.HAL_PCD_DataOutStageCallback  usbd_conf.o
    0x08001e0a   0x08001e0a   0x00000002   PAD
    0x08001e0c   0x08001e0c   0x0000004e   Code   RO          221    .text.HAL_PCD_EP_Close  stm32f1xx_hal_pcd.o
    0x08001e5a   0x08001e5a   0x00000002   PAD
    0x08001e5c   0x08001e5c   0x00000064   Code   RO          231    .text.HAL_PCD_EP_ClrStall  stm32f1xx_hal_pcd.o
    0x08001ec0   0x08001ec0   0x00000012   Code   RO          225    .text.HAL_PCD_EP_GetRxCount  stm32f1xx_hal_pcd.o
    0x08001ed2   0x08001ed2   0x00000002   PAD
    0x08001ed4   0x08001ed4   0x0000005a   Code   RO          219    .text.HAL_PCD_EP_Open  stm32f1xx_hal_pcd.o
    0x08001f2e   0x08001f2e   0x00000002   PAD
    0x08001f30   0x08001f30   0x00000032   Code   RO          223    .text.HAL_PCD_EP_Receive  stm32f1xx_hal_pcd.o
    0x08001f62   0x08001f62   0x00000002   PAD
    0x08001f64   0x08001f64   0x0000006c   Code   RO          229    .text.HAL_PCD_EP_SetStall  stm32f1xx_hal_pcd.o
    0x08001fd0   0x08001fd0   0x00000036   Code   RO          227    .text.HAL_PCD_EP_Transmit  stm32f1xx_hal_pcd.o
    0x08002006   0x08002006   0x00000002   PAD
    0x08002008   0x08002008   0x0000093a   Code   RO          187    .text.HAL_PCD_IRQHandler  stm32f1xx_hal_pcd.o
    0x08002942   0x08002942   0x00000002   PAD
    0x08002944   0x08002944   0x00000246   Code   RO          175    .text.HAL_PCD_Init  stm32f1xx_hal_pcd.o
    0x08002b8a   0x08002b8a   0x00000002   PAD
    0x08002b8c   0x08002b8c   0x00000044   Code   RO         1175    .text.HAL_PCD_MspInit  usbd_conf.o
    0x08002bd0   0x08002bd0   0x00000024   Code   RO         1187    .text.HAL_PCD_ResetCallback  usbd_conf.o
    0x08002bf4   0x08002bf4   0x00000008   Code   RO         1191    .text.HAL_PCD_ResumeCallback  usbd_conf.o
    0x08002bfc   0x08002bfc   0x00000008   Code   RO         1185    .text.HAL_PCD_SOFCallback  usbd_conf.o
    0x08002c04   0x08002c04   0x00000028   Code   RO          191    .text.HAL_PCD_SetAddress  stm32f1xx_hal_pcd.o
    0x08002c2c   0x08002c2c   0x0000000e   Code   RO         1179    .text.HAL_PCD_SetupStageCallback  usbd_conf.o
    0x08002c3a   0x08002c3a   0x00000002   PAD
    0x08002c3c   0x08002c3c   0x00000034   Code   RO          183    .text.HAL_PCD_Start  stm32f1xx_hal_pcd.o
    0x08002c70   0x08002c70   0x00000026   Code   RO         1189    .text.HAL_PCD_SuspendCallback  usbd_conf.o
    0x08002c96   0x08002c96   0x00000002   PAD
    0x08002c98   0x08002c98   0x00000102   Code   RO          429    .text.HAL_RCCEx_PeriphCLKConfig  stm32f1xx_hal_rcc_ex.o
    0x08002d9a   0x08002d9a   0x00000002   PAD
    0x08002d9c   0x08002d9c   0x000001ba   Code   RO          395    .text.HAL_RCC_ClockConfig  stm32f1xx_hal_rcc.o
    0x08002f56   0x08002f56   0x00000002   PAD
    0x08002f58   0x08002f58   0x00000042   Code   RO          413    .text.HAL_RCC_GetClockConfig  stm32f1xx_hal_rcc.o
    0x08002f9a   0x08002f9a   0x00000002   PAD
    0x08002f9c   0x08002f9c   0x00000026   Code   RO          407    .text.HAL_RCC_GetPCLK1Freq  stm32f1xx_hal_rcc.o
    0x08002fc2   0x08002fc2   0x00000002   PAD
    0x08002fc4   0x08002fc4   0x00000026   Code   RO          409    .text.HAL_RCC_GetPCLK2Freq  stm32f1xx_hal_rcc.o
    0x08002fea   0x08002fea   0x00000002   PAD
    0x08002fec   0x08002fec   0x00000400   Code   RO          393    .text.HAL_RCC_OscConfig  stm32f1xx_hal_rcc.o
    0x080033ec   0x080033ec   0x00000002   Code   RO          969    .text.HAL_TIMEx_BreakCallback  stm32f1xx_hal_tim_ex.o
    0x080033ee   0x080033ee   0x00000002   PAD
    0x080033f0   0x080033f0   0x00000002   Code   RO          965    .text.HAL_TIMEx_CommutCallback  stm32f1xx_hal_tim_ex.o
    0x080033f2   0x080033f2   0x00000002   PAD
    0x080033f4   0x080033f4   0x0000005a   Code   RO          664    .text.HAL_TIM_Base_Init  stm32f1xx_hal_tim.o
    0x0800344e   0x0800344e   0x00000002   PAD
    0x08003450   0x08003450   0x00000002   Code   RO          666    .text.HAL_TIM_Base_MspInit  stm32f1xx_hal_tim.o
    0x08003452   0x08003452   0x00000002   PAD
    0x08003454   0x08003454   0x00000086   Code   RO          678    .text.HAL_TIM_Base_Start_IT  stm32f1xx_hal_tim.o
    0x080034da   0x080034da   0x00000002   PAD
    0x080034dc   0x080034dc   0x00000002   Code   RO          800    .text.HAL_TIM_IC_CaptureCallback  stm32f1xx_hal_tim.o
    0x080034de   0x080034de   0x00000002   PAD
    0x080034e0   0x080034e0   0x0000014e   Code   RO          798    .text.HAL_TIM_IRQHandler  stm32f1xx_hal_tim.o
    0x0800362e   0x0800362e   0x00000002   PAD
    0x08003630   0x08003630   0x00000002   Code   RO          802    .text.HAL_TIM_OC_DelayElapsedCallback  stm32f1xx_hal_tim.o
    0x08003632   0x08003632   0x00000002   PAD
    0x08003634   0x08003634   0x00000002   Code   RO          804    .text.HAL_TIM_PWM_PulseFinishedCallback  stm32f1xx_hal_tim.o
    0x08003636   0x08003636   0x00000002   PAD
    0x08003638   0x08003638   0x00000014   Code   RO           19    .text.HAL_TIM_PeriodElapsedCallback  main.o
    0x0800364c   0x0800364c   0x00000002   Code   RO          808    .text.HAL_TIM_TriggerCallback  stm32f1xx_hal_tim.o
    0x0800364e   0x0800364e   0x00000002   PAD
    0x08003650   0x08003650   0x00000002   Code   RO         1067    .text.HAL_UARTEx_RxEventCallback  stm32f1xx_hal_uart.o
    0x08003652   0x08003652   0x00000002   PAD
    0x08003654   0x08003654   0x00000002   Code   RO         1065    .text.HAL_UART_ErrorCallback  stm32f1xx_hal_uart.o
    0x08003656   0x08003656   0x00000002   PAD
    0x08003658   0x08003658   0x00000570   Code   RO         1059    .text.HAL_UART_IRQHandler  stm32f1xx_hal_uart.o
    0x08003bc8   0x08003bc8   0x000000e2   Code   RO          983    .text.HAL_UART_Init  stm32f1xx_hal_uart.o
    0x08003caa   0x08003caa   0x00000002   PAD
    0x08003cac   0x08003cac   0x0000016e   Code   RO           54    .text.HAL_UART_MspInit  usart.o
    0x08003e1a   0x08003e1a   0x00000002   PAD
    0x08003e1c   0x08003e1c   0x00000054   Code   RO         1003    .text.HAL_UART_Receive_IT  stm32f1xx_hal_uart.o
    0x08003e70   0x08003e70   0x00000056   Code   RO          147    .text.HAL_UART_RxCpltCallback  esp01s.o
    0x08003ec6   0x08003ec6   0x00000002   PAD
    0x08003ec8   0x08003ec8   0x000000c2   Code   RO         1007    .text.HAL_UART_Transmit_DMA  stm32f1xx_hal_uart.o
    0x08003f8a   0x08003f8a   0x00000002   PAD
    0x08003f8c   0x08003f8c   0x00000002   Code   RO         1069    .text.HAL_UART_TxCpltCallback  stm32f1xx_hal_uart.o
    0x08003f8e   0x08003f8e   0x00000002   PAD
    0x08003f90   0x08003f90   0x00000002   Code   RO         1071    .text.HAL_UART_TxHalfCpltCallback  stm32f1xx_hal_uart.o
    0x08003f92   0x08003f92   0x00000002   PAD
    0x08003f94   0x08003f94   0x00000002   Code   RO           72    .text.HardFault_Handler  stm32f1xx_it.o
    0x08003f96   0x08003f96   0x00000002   PAD
    0x08003f98   0x08003f98   0x00000090   Code   RO          141    .text.MQTT_ProcessReceivedData  esp01s.o
    0x08004028   0x08004028   0x00000050   Code   RO          133    .text.MQTT_Publish  esp01s.o
    0x08004078   0x08004078   0x00000040   Code   RO          137    .text.MQTT_Subscribe  esp01s.o
    0x080040b8   0x080040b8   0x00000044   Code   RO           41    .text.MX_DMA_Init   dma.o
    0x080040fc   0x080040fc   0x000000a2   Code   RO           32    .text.MX_GPIO_Init  gpio.o
    0x0800419e   0x0800419e   0x00000002   PAD
    0x080041a0   0x080041a0   0x0000003c   Code   RO           50    .text.MX_USART1_UART_Init  usart.o
    0x080041dc   0x080041dc   0x0000003c   Code   RO           52    .text.MX_USART3_UART_Init  usart.o
    0x08004218   0x08004218   0x00000072   Code   RO         1118    .text.MX_USB_DEVICE_Init  usb_device.o
    0x0800428a   0x0800428a   0x00000002   PAD
    0x0800428c   0x0800428c   0x00000002   Code   RO           74    .text.MemManage_Handler  stm32f1xx_it.o
    0x0800428e   0x0800428e   0x00000002   PAD
    0x08004290   0x08004290   0x00000002   Code   RO           70    .text.NMI_Handler   stm32f1xx_it.o
    0x08004292   0x08004292   0x00000002   PAD
    0x08004294   0x08004294   0x00000002   Code   RO           84    .text.PendSV_Handler  stm32f1xx_it.o
    0x08004296   0x08004296   0x00000002   PAD
    0x08004298   0x08004298   0x00000002   Code   RO           80    .text.SVC_Handler   stm32f1xx_it.o
    0x0800429a   0x0800429a   0x00000002   PAD
    0x0800429c   0x0800429c   0x00000002   Code   RO           86    .text.SysTick_Handler  stm32f1xx_it.o
    0x0800429e   0x0800429e   0x00000002   PAD
    0x080042a0   0x080042a0   0x00000002   Code   RO         1103    .text.SystemInit    system_stm32f1xx.o
    0x080042a2   0x080042a2   0x00000002   PAD
    0x080042a4   0x080042a4   0x0000000c   Code   RO           98    .text.TIM7_IRQHandler  stm32f1xx_it.o
    0x080042b0   0x080042b0   0x000000e0   Code   RO          668    .text.TIM_Base_SetConfig  stm32f1xx_hal_tim.o
    0x08004390   0x08004390   0x0000000c   Code   RO         1063    .text.UART_DMAAbortOnError  stm32f1xx_hal_uart.o
    0x0800439c   0x0800439c   0x0000017c   Code   RO         1013    .text.UART_DMAError  stm32f1xx_hal_uart.o
    0x08004518   0x08004518   0x000000b0   Code   RO         1009    .text.UART_DMATransmitCplt  stm32f1xx_hal_uart.o
    0x080045c8   0x080045c8   0x00000006   Code   RO         1011    .text.UART_DMATxHalfCplt  stm32f1xx_hal_uart.o
    0x080045ce   0x080045ce   0x00000002   PAD
    0x080045d0   0x080045d0   0x000000fe   Code   RO         1061    .text.UART_Receive_IT  stm32f1xx_hal_uart.o
    0x080046ce   0x080046ce   0x00000002   PAD
    0x080046d0   0x080046d0   0x0000000c   Code   RO           94    .text.USART1_IRQHandler  stm32f1xx_it.o
    0x080046dc   0x080046dc   0x0000000c   Code   RO           96    .text.USART3_IRQHandler  stm32f1xx_it.o
    0x080046e8   0x080046e8   0x00000050   Code   RO         1346    .text.USBD_CDC_DataIn  usbd_cdc.o
    0x08004738   0x08004738   0x00000030   Code   RO         1348    .text.USBD_CDC_DataOut  usbd_cdc.o
    0x08004768   0x08004768   0x00000042   Code   RO         1340    .text.USBD_CDC_DeInit  usbd_cdc.o
    0x080047aa   0x080047aa   0x00000002   PAD
    0x080047ac   0x080047ac   0x0000002c   Code   RO         1344    .text.USBD_CDC_EP0_RxReady  usbd_cdc.o
    0x080047d8   0x080047d8   0x00000010   Code   RO         1356    .text.USBD_CDC_GetDeviceQualifierDescriptor  usbd_cdc.o
    0x080047e8   0x080047e8   0x00000010   Code   RO         1352    .text.USBD_CDC_GetFSCfgDesc  usbd_cdc.o
    0x080047f8   0x080047f8   0x00000010   Code   RO         1350    .text.USBD_CDC_GetHSCfgDesc  usbd_cdc.o
    0x08004808   0x08004808   0x00000010   Code   RO         1354    .text.USBD_CDC_GetOtherSpeedCfgDesc  usbd_cdc.o
    0x08004818   0x08004818   0x00000082   Code   RO         1338    .text.USBD_CDC_Init  usbd_cdc.o
    0x0800489a   0x0800489a   0x00000002   PAD
    0x0800489c   0x0800489c   0x0000002c   Code   RO         1366    .text.USBD_CDC_ReceivePacket  usbd_cdc.o
    0x080048c8   0x080048c8   0x0000000e   Code   RO         1358    .text.USBD_CDC_RegisterInterface  usbd_cdc.o
    0x080048d6   0x080048d6   0x00000002   PAD
    0x080048d8   0x080048d8   0x0000000c   Code   RO         1362    .text.USBD_CDC_SetRxBuffer  usbd_cdc.o
    0x080048e4   0x080048e4   0x00000010   Code   RO         1360    .text.USBD_CDC_SetTxBuffer  usbd_cdc.o
    0x080048f4   0x080048f4   0x000000c6   Code   RO         1342    .text.USBD_CDC_Setup  usbd_cdc.o
    0x080049ba   0x080049ba   0x00000002   PAD
    0x080049bc   0x080049bc   0x0000000e   Code   RO         1261    .text.USBD_ClrClassConfig  usbd_core.o
    0x080049ca   0x080049ca   0x00000002   PAD
    0x080049cc   0x080049cc   0x00000010   Code   RO         1322    .text.USBD_CtlContinueRx  usbd_ioreq.o
    0x080049dc   0x080049dc   0x00000010   Code   RO         1318    .text.USBD_CtlContinueSendData  usbd_ioreq.o
    0x080049ec   0x080049ec   0x00000016   Code   RO         1297    .text.USBD_CtlError  usbd_ctlreq.o
    0x08004a02   0x08004a02   0x00000002   PAD
    0x08004a04   0x08004a04   0x0000001a   Code   RO         1320    .text.USBD_CtlPrepareRx  usbd_ioreq.o
    0x08004a1e   0x08004a1e   0x00000002   PAD
    0x08004a20   0x08004a20   0x00000016   Code   RO         1326    .text.USBD_CtlReceiveStatus  usbd_ioreq.o
    0x08004a36   0x08004a36   0x00000002   PAD
    0x08004a38   0x08004a38   0x0000001a   Code   RO         1316    .text.USBD_CtlSendData  usbd_ioreq.o
    0x08004a52   0x08004a52   0x00000002   PAD
    0x08004a54   0x08004a54   0x00000016   Code   RO         1324    .text.USBD_CtlSendStatus  usbd_ioreq.o
    0x08004a6a   0x08004a6a   0x00000002   PAD
    0x08004a6c   0x08004a6c   0x00000024   Code   RO         1137    .text.USBD_FS_ConfigStrDescriptor  usbd_desc.o
    0x08004a90   0x08004a90   0x0000000e   Code   RO         1127    .text.USBD_FS_DeviceDescriptor  usbd_desc.o
    0x08004a9e   0x08004a9e   0x00000002   PAD
    0x08004aa0   0x08004aa0   0x00000028   Code   RO         1139    .text.USBD_FS_InterfaceStrDescriptor  usbd_desc.o
    0x08004ac8   0x08004ac8   0x0000000e   Code   RO         1129    .text.USBD_FS_LangIDStrDescriptor  usbd_desc.o
    0x08004ad6   0x08004ad6   0x00000002   PAD
    0x08004ad8   0x08004ad8   0x0000002c   Code   RO         1131    .text.USBD_FS_ManufacturerStrDescriptor  usbd_desc.o
    0x08004b04   0x08004b04   0x00000030   Code   RO         1133    .text.USBD_FS_ProductStrDescriptor  usbd_desc.o
    0x08004b34   0x08004b34   0x00000170   Code   RO         1135    .text.USBD_FS_SerialStrDescriptor  usbd_desc.o
    0x08004ca4   0x08004ca4   0x000000d2   Code   RO         1305    .text.USBD_GetString  usbd_ctlreq.o
    0x08004d76   0x08004d76   0x00000002   PAD
    0x08004d78   0x08004d78   0x00000030   Code   RO         1247    .text.USBD_Init     usbd_core.o
    0x08004da8   0x08004da8   0x00000022   Code   RO         1217    .text.USBD_LL_ClearStallEP  usbd_conf.o
    0x08004dca   0x08004dca   0x00000002   PAD
    0x08004dcc   0x08004dcc   0x00000022   Code   RO         1211    .text.USBD_LL_CloseEP  usbd_conf.o
    0x08004dee   0x08004dee   0x00000002   PAD
    0x08004df0   0x08004df0   0x000000ca   Code   RO         1267    .text.USBD_LL_DataInStage  usbd_core.o
    0x08004eba   0x08004eba   0x00000002   PAD
    0x08004ebc   0x08004ebc   0x0000007c   Code   RO         1265    .text.USBD_LL_DataOutStage  usbd_core.o
    0x08004f38   0x08004f38   0x00000008   Code   RO         1227    .text.USBD_LL_GetRxDataSize  usbd_conf.o
    0x08004f40   0x08004f40   0x00000086   Code   RO         1201    .text.USBD_LL_Init  usbd_conf.o
    0x08004fc6   0x08004fc6   0x00000002   PAD
    0x08004fc8   0x08004fc8   0x0000002a   Code   RO         1219    .text.USBD_LL_IsStallEP  usbd_conf.o
    0x08004ff2   0x08004ff2   0x00000002   PAD
    0x08004ff4   0x08004ff4   0x00000028   Code   RO         1209    .text.USBD_LL_OpenEP  usbd_conf.o
    0x0800501c   0x0800501c   0x00000022   Code   RO         1225    .text.USBD_LL_PrepareReceive  usbd_conf.o
    0x0800503e   0x0800503e   0x00000002   PAD
    0x08005040   0x08005040   0x00000054   Code   RO         1269    .text.USBD_LL_Reset  usbd_core.o
    0x08005094   0x08005094   0x00000014   Code   RO         1275    .text.USBD_LL_Resume  usbd_core.o
    0x080050a8   0x080050a8   0x0000001c   Code   RO         1277    .text.USBD_LL_SOF   usbd_core.o
    0x080050c4   0x080050c4   0x00000008   Code   RO         1271    .text.USBD_LL_SetSpeed  usbd_core.o
    0x080050cc   0x080050cc   0x00000022   Code   RO         1221    .text.USBD_LL_SetUSBAddress  usbd_conf.o
    0x080050ee   0x080050ee   0x00000002   PAD
    0x080050f0   0x080050f0   0x0000005c   Code   RO         1263    .text.USBD_LL_SetupStage  usbd_core.o
    0x0800514c   0x0800514c   0x00000022   Code   RO         1215    .text.USBD_LL_StallEP  usbd_conf.o
    0x0800516e   0x0800516e   0x00000002   PAD
    0x08005170   0x08005170   0x00000022   Code   RO         1205    .text.USBD_LL_Start  usbd_conf.o
    0x08005192   0x08005192   0x00000002   PAD
    0x08005194   0x08005194   0x00000014   Code   RO         1273    .text.USBD_LL_Suspend  usbd_core.o
    0x080051a8   0x080051a8   0x00000022   Code   RO         1223    .text.USBD_LL_Transmit  usbd_conf.o
    0x080051ca   0x080051ca   0x00000002   PAD
    0x080051cc   0x080051cc   0x00000016   Code   RO         1303    .text.USBD_ParseSetupRequest  usbd_ctlreq.o
    0x080051e2   0x080051e2   0x00000002   PAD
    0x080051e4   0x080051e4   0x0000000e   Code   RO         1251    .text.USBD_RegisterClass  usbd_core.o
    0x080051f2   0x080051f2   0x00000002   PAD
    0x080051f4   0x080051f4   0x0000001c   Code   RO         1259    .text.USBD_SetClassConfig  usbd_core.o
    0x08005210   0x08005210   0x0000000a   Code   RO         1253    .text.USBD_Start    usbd_core.o
    0x0800521a   0x0800521a   0x00000002   PAD
    0x0800521c   0x0800521c   0x000002e6   Code   RO         1295    .text.USBD_StdDevReq  usbd_ctlreq.o
    0x08005502   0x08005502   0x00000002   PAD
    0x08005504   0x08005504   0x00000130   Code   RO         1301    .text.USBD_StdEPReq  usbd_ctlreq.o
    0x08005634   0x08005634   0x0000005e   Code   RO         1299    .text.USBD_StdItfReq  usbd_ctlreq.o
    0x08005692   0x08005692   0x00000002   PAD
    0x08005694   0x08005694   0x00000002   Code   RO         1233    .text.USBD_static_free  usbd_conf.o
    0x08005696   0x08005696   0x00000002   PAD
    0x08005698   0x08005698   0x0000000a   Code   RO         1231    .text.USBD_static_malloc  usbd_conf.o
    0x080056a2   0x080056a2   0x00000002   PAD
    0x080056a4   0x080056a4   0x0000027a   Code   RO          281    .text.USB_ActivateEndpoint  stm32f1xx_ll_usb.o
    0x0800591e   0x0800591e   0x00000002   PAD
    0x08005920   0x08005920   0x00000004   Code   RO          267    .text.USB_CoreInit  stm32f1xx_ll_usb.o
    0x08005924   0x08005924   0x000000e2   Code   RO          283    .text.USB_DeactivateEndpoint  stm32f1xx_ll_usb.o
    0x08005a06   0x08005a06   0x00000002   PAD
    0x08005a08   0x08005a08   0x00000004   Code   RO          299    .text.USB_DevConnect  stm32f1xx_ll_usb.o
    0x08005a0c   0x08005a0c   0x00000004   Code   RO          301    .text.USB_DevDisconnect  stm32f1xx_ll_usb.o
    0x08005a10   0x08005a10   0x0000001a   Code   RO          275    .text.USB_DevInit   stm32f1xx_ll_usb.o
    0x08005a2a   0x08005a2a   0x00000002   PAD
    0x08005a2c   0x08005a2c   0x00000014   Code   RO          271    .text.USB_DisableGlobalInt  stm32f1xx_ll_usb.o
    0x08005a40   0x08005a40   0x00000004   Code   RO          315    .text.USB_EP0_OutStart  stm32f1xx_ll_usb.o
    0x08005a44   0x08005a44   0x0000007c   Code   RO          291    .text.USB_EPClearStall  stm32f1xx_ll_usb.o
    0x08005ac0   0x08005ac0   0x00000032   Code   RO          289    .text.USB_EPSetStall  stm32f1xx_ll_usb.o
    0x08005af2   0x08005af2   0x00000002   PAD
    0x08005af4   0x08005af4   0x00000836   Code   RO          285    .text.USB_EPStartXfer  stm32f1xx_ll_usb.o
    0x0800632a   0x0800632a   0x00000002   PAD
    0x0800632c   0x0800632c   0x00000012   Code   RO          269    .text.USB_EnableGlobalInt  stm32f1xx_ll_usb.o
    0x0800633e   0x0800633e   0x00000002   PAD
    0x08006340   0x08006340   0x0000000c   Code   RO           92    .text.USB_LP_CAN1_RX0_IRQHandler  stm32f1xx_it.o
    0x0800634c   0x0800634c   0x00000006   Code   RO          303    .text.USB_ReadInterrupts  stm32f1xx_ll_usb.o
    0x08006352   0x08006352   0x00000002   PAD
    0x08006354   0x08006354   0x000000b4   Code   RO          321    .text.USB_ReadPMA   stm32f1xx_ll_usb.o
    0x08006408   0x08006408   0x00000004   Code   RO          273    .text.USB_SetCurrentMode  stm32f1xx_ll_usb.o
    0x0800640c   0x0800640c   0x0000000e   Code   RO          297    .text.USB_SetDevAddress  stm32f1xx_ll_usb.o
    0x0800641a   0x0800641a   0x00000002   PAD
    0x0800641c   0x0800641c   0x0000009a   Code   RO          287    .text.USB_WritePMA  stm32f1xx_ll_usb.o
    0x080064b6   0x080064b6   0x00000002   PAD
    0x080064b8   0x080064b8   0x00000002   Code   RO           78    .text.UsageFault_Handler  stm32f1xx_it.o
    0x080064ba   0x080064ba   0x00000002   PAD
    0x080064bc   0x080064bc   0x00000028   Code   RO           11    .text.fputc         main.o
    0x080064e4   0x080064e4   0x000001b4   Code   RO           13    .text.main          main.o
    0x08006698   0x08006698   0x000000a6   Code   RO          135    .text.send_at_command  esp01s.o
    0x0800673e   0x0800673e   0x00000002   PAD
    0x08006740   0x08006740   0x00000020   Code   RO         1482    i.__0printf$3       mc_w.l(printf3.o)
    0x08006760   0x08006760   0x00000034   Code   RO         1483    i.__0snprintf$3     mc_w.l(printf3.o)
    0x08006794   0x08006794   0x00000028   Code   RO         1484    i.__0sprintf$3      mc_w.l(printf3.o)
    0x080067bc   0x080067bc   0x0000000e   Code   RO         1736    i.__scatterload_copy  mc_w.l(handlers.o)
    0x080067ca   0x080067ca   0x00000002   Code   RO         1737    i.__scatterload_null  mc_w.l(handlers.o)
    0x080067cc   0x080067cc   0x0000000e   Code   RO         1738    i.__scatterload_zeroinit  mc_w.l(handlers.o)
    0x080067da   0x080067da   0x0000000e   Code   RO         1694    i._is_digit         mc_w.l(scanf_fp.o)
    0x080067e8   0x080067e8   0x000001b8   Code   RO         1489    i._printf_core      mc_w.l(printf3.o)
    0x080069a0   0x080069a0   0x00000016   Code   RO         1490    i._snputc           mc_w.l(printf3.o)
    0x080069b6   0x080069b6   0x0000000a   Code   RO         1491    i._sputc            mc_w.l(printf3.o)
    0x080069c0   0x080069c0   0x00000024   Code   RO         1383    i.puts              mc_w.l(puts.o)
    0x080069e4   0x080069e4   0x00000040   Data   RO         1730    .constdata          mc_w.l(ctype_c.o)
    0x08006a24   0x08006a24   0x00000010   Data   RO         1108    .rodata.AHBPrescTable  system_stm32f1xx.o
    0x08006a34   0x08006a34   0x00000008   Data   RO         1109    .rodata.APBPrescTable  system_stm32f1xx.o
    0x08006a3c   0x08006a3c   0x00000002   Data   RO          420    .rodata.HAL_RCC_GetSysClockFreq.aPredivFactorTable  stm32f1xx_hal_rcc.o
    0x08006a3e   0x08006a3e   0x00000010   Data   RO          419    .rodata.cst16       stm32f1xx_hal_rcc.o
    0x08006a4e   0x08006a4e   0x0000001b   Data   RO           22    .rodata.str1.1      main.o
    0x08006a69   0x08006a69   0x000001ec   Data   RO          149    .rodata.str1.1      esp01s.o
    0x08006c55   0x08006c55   0x00000003   PAD
    0x08006c58   0x08006c58   0x00000020   Data   RO         1735    Region$$Table       anon$$obj.o


    Execution Region RW_IRAM1 (Exec base: 0x20000000, Load base: 0x08006c78, Size: 0x00001ad0, Max: 0x0000c000, ABSOLUTE, COMPRESSED[0x000000d8])

    Exec Addr    Load Addr    Size         Type   Attr      Idx    E Section Name        Object

    0x20000000   COMPRESSED   0x00000004   Data   RW         1674    .data               mc_w.l(stdout.o)
    0x20000004   COMPRESSED   0x00000008   Data   RW          382    .data..L_MergedGlobals  stm32f1xx_hal.o
    0x2000000c   COMPRESSED   0x0000001c   Data   RW         1141    .data.FS_Desc       usbd_desc.o
    0x20000028   COMPRESSED   0x00000004   Data   RW         1107    .data.SystemCoreClock  system_stm32f1xx.o
    0x2000002c   COMPRESSED   0x00000038   Data   RW         1368    .data.USBD_CDC      usbd_cdc.o
    0x20000064   COMPRESSED   0x00000043   Data   RW         1370    .data.USBD_CDC_CfgFSDesc  usbd_cdc.o
    0x200000a7   COMPRESSED   0x00000001   PAD
    0x200000a8   COMPRESSED   0x00000043   Data   RW         1369    .data.USBD_CDC_CfgHSDesc  usbd_cdc.o
    0x200000eb   COMPRESSED   0x00000001   PAD
    0x200000ec   COMPRESSED   0x0000000a   Data   RW         1372    .data.USBD_CDC_DeviceQualifierDesc  usbd_cdc.o
    0x200000f6   COMPRESSED   0x00000002   PAD
    0x200000f8   COMPRESSED   0x00000043   Data   RW         1371    .data.USBD_CDC_OtherSpeedCfgDesc  usbd_cdc.o
    0x2000013b   COMPRESSED   0x00000001   PAD
    0x2000013c   COMPRESSED   0x00000012   Data   RW         1142    .data.USBD_FS_DeviceDesc  usbd_desc.o
    0x2000014e   COMPRESSED   0x00000002   PAD
    0x20000150   COMPRESSED   0x00000010   Data   RW         1164    .data.USBD_Interface_fops_FS  usbd_cdc_if.o
    0x20000160   COMPRESSED   0x00000004   Data   RW         1143    .data.USBD_LangIDDesc  usbd_desc.o
    0x20000164   COMPRESSED   0x0000001a   Data   RW         1144    .data.USBD_StringSerial  usbd_desc.o
    0x2000017e   COMPRESSED   0x00000002   PAD
    0x20000180   COMPRESSED   0x00000020   Data   RW          150    .data.config        esp01s.o
    0x200001a0        -       0x00000004   Zero   RW          152    .bss..L_MergedGlobals  esp01s.o
    0x200001a4        -       0x00000001   Zero   RW         1307    .bss.USBD_SetConfig.cfgidx  usbd_ctlreq.o
    0x200001a5   COMPRESSED   0x00000003   PAD
    0x200001a8        -       0x00000200   Zero   RW         1145    .bss.USBD_StrDesc   usbd_desc.o
    0x200003a8        -       0x00000220   Zero   RW         1238    .bss.USBD_static_malloc.mem  usbd_conf.o
    0x200005c8        -       0x00000400   Zero   RW         1165    .bss.UserRxBufferFS  usbd_cdc_if.o
    0x200009c8        -       0x00000400   Zero   RW         1166    .bss.UserTxBufferFS  usbd_cdc_if.o
    0x20000dc8        -       0x000002c4   Zero   RW         1120    .bss.hUsbDeviceFS   usb_device.o
    0x2000108c        -       0x00000044   Zero   RW           60    .bss.hdma_usart1_tx  usart.o
    0x200010d0        -       0x00000044   Zero   RW           61    .bss.hdma_usart3_tx  usart.o
    0x20001114        -       0x000002d8   Zero   RW         1237    .bss.hpcd_USB_FS    usbd_conf.o
    0x200013ec        -       0x00000048   Zero   RW          122    .bss.htim7          stm32f1xx_hal_timebase_tim.o
    0x20001434        -       0x00000048   Zero   RW           58    .bss.huart1         usart.o
    0x2000147c        -       0x00000048   Zero   RW           59    .bss.huart3         usart.o
    0x200014c4        -       0x00000004   Zero   RW           21    .bss.main.last_publish  main.o
    0x200014c8        -       0x00000200   Zero   RW          151    .bss.rx_buffer      esp01s.o
    0x200016c8        -       0x00000004   Zero   RW          381    .bss.uwTick         stm32f1xx_hal.o
    0x200016cc   COMPRESSED   0x00000004   PAD
    0x200016d0        -       0x00000400   Zero   RW            1    STACK               startup_stm32f103xe.o


==============================================================================

Image component sizes


      Code (inc. data)   RO Data    RW Data    ZI Data      Debug   Object Name

        68          0          0          0          0       2500   dma.o
      1280        244        492         32        516       7155   esp01s.o
       162          0          0          0          0       1579   gpio.o
       506        148         27          0          4       7261   main.o
        36          8        304          0       1024        768   startup_stm32f103xe.o
       116          0          0          8          4       6075   stm32f1xx_hal.o
       152          0          0          0          0       8729   stm32f1xx_hal_cortex.o
      1344          0          0          0          0       8347   stm32f1xx_hal_dma.o
       496         22          0          0          0       4638   stm32f1xx_hal_gpio.o
        66          0          0          0          0       1195   stm32f1xx_hal_msp.o
      3534          0          0          0          0      16849   stm32f1xx_hal_pcd.o
        76          0          0          0          0       4146   stm32f1xx_hal_pcd_ex.o
      1608          0         18          0          0       7933   stm32f1xx_hal_rcc.o
       258          0          0          0          0       3791   stm32f1xx_hal_rcc_ex.o
       792          0          0          0          0      56818   stm32f1xx_hal_tim.o
         4          0          0          0          0      21057   stm32f1xx_hal_tim_ex.o
       178          0          0          0         72       6165   stm32f1xx_hal_timebase_tim.o
      2732          0          0          0          0      32605   stm32f1xx_hal_uart.o
        90          0          0          0          0       7856   stm32f1xx_it.o
      3574          6          0          0          0      22184   stm32f1xx_ll_usb.o
         2          0         24          4          0       1583   system_stm32f1xx.o
       486          0          0          0        280       6194   usart.o
       114          0          0          0        708       2912   usb_device.o
       716          0          0        267          0      10138   usbd_cdc.o
        80          0          0         16       2048       4398   usbd_cdc_if.o
       690          0          0          0       1272      16481   usbd_conf.o
       692          0          0          0          0       7873   usbd_core.o
      1394         38          0          0          1       9013   usbd_ctlreq.o
       564         72          0         76        512       4139   usbd_desc.o
       128          0          0          0          0       4412   usbd_ioreq.o

    ----------------------------------------------------------------------
     22136        538        900        412       6448     294794   Object Totals
         0          0         32          0          0          0   (incl. Generated)
       198          0          3          9          7          0   (incl. Padding)

    ----------------------------------------------------------------------

      Code (inc. data)   RO Data    RW Data    ZI Data      Debug   Library Member Name

        86          0          0          0          0          0   __dczerorl2.o
        28          0          0          0          0         68   _chval.o
       812          4          0          0          0        112   _scanf.o
       332          0          0          0          0         96   _scanf_int.o
       342          0          0          0          0        100   _scanf_longlong.o
       224          0          0          0          0         96   _scanf_str.o
        64          0          0          0          0         84   _sgetc.o
        40          6         64          0          0         68   ctype_c.o
         0          0          0          0          0          0   entry.o
         0          0          0          0          0          0   entry10a.o
         0          0          0          0          0          0   entry11a.o
         8          4          0          0          0          0   entry2.o
         4          0          0          0          0          0   entry5.o
         0          0          0          0          0          0   entry7b.o
         0          0          0          0          0          0   entry8b.o
         8          4          0          0          0          0   entry9a.o
        30          0          0          0          0          0   handlers.o
        48         10          0          0          0         68   init.o
        10          0          0          0          0         68   isspace_c.o
         0          0          0          0          0          0   iusefp.o
        30          0          0          0          0         68   llshl.o
        32          0          0          0          0         68   llushr.o
        36          0          0          0          0        108   memseta.o
       596         24          0          0          0        492   printf3.o
        36          6          0          0          0         80   puts.o
        40          8          0          0          0         84   scanf_char.o
       878         12          0          0          0        216   scanf_fp.o
        56          8          0          0          0         84   sscanf.o
         0          0          0          4          0          0   stdout.o
        14          0          0          0          0         68   strlen.o
        36          0          0          0          0         80   strstr.o
        44          0          0          0          0         80   uidiv.o
        56          0          0          0          0         88   d2f.o
       222          0          0          0          0        100   ddiv.o
       186          0          0          0          0        176   depilogue.o
        24          0          0          0          0         76   dfltul.o
       228          0          0          0          0         96   dmul.o
       110          0          0          0          0        168   fepilogue.o

    ----------------------------------------------------------------------
      4668         86         64          4          0       2892   Library Totals
         8          0          0          0          0          0   (incl. Padding)

    ----------------------------------------------------------------------

      Code (inc. data)   RO Data    RW Data    ZI Data      Debug   Library Name

      3834         86         64          4          0       2188   mc_w.l
       826          0          0          0          0        704   mf_w.l

    ----------------------------------------------------------------------
      4668         86         64          4          0       2892   Library Totals

    ----------------------------------------------------------------------

==============================================================================


      Code (inc. data)   RO Data    RW Data    ZI Data      Debug   

     26804        624        964        416       6448     295850   Grand Totals
     26804        624        964        216       6448     295850   ELF Image Totals (compressed)
     26804        624        964        216          0          0   ROM Totals

==============================================================================

    Total RO  Size (Code + RO Data)                27768 (  27.12kB)
    Total RW  Size (RW Data + ZI Data)              6864 (   6.70kB)
    Total ROM Size (Code + RO Data + RW Data)      27984 (  27.33kB)

==============================================================================

